### BROKER: FundedNext   cache=cache_fn

============================================================================================
PART 1 - COST AND RAW GEOMETRY (random entry, 1xATR stop, 5R target)
============================================================================================
symbol           bars  spread(px)   cost R      H  BUY expR  SELL expR  best DD
BTCUSD          16406    22.07000    0.097  0.490   -0.1757    +0.0807      491
ETHUSD          16406     0.00000    0.000  0.504   -0.0872    +0.1279      395
XRPUSD          16406     0.00000    0.000  0.500   -0.4415    +0.4605      228
NDX100          15623     0.00000    0.000  0.491   +0.0280    +0.0332      538
SPX500          15617     0.00000    0.000  0.475   +0.0583    -0.0621      375
GER30            9408     0.00000    0.000  0.485   +0.0589    +0.1294      151
NTH25            8733     0.00000    0.000  0.462   +0.1279    -0.0808      144
HK50            10250     0.00000    0.000  0.462   +0.0432    +0.0340      356
EURUSD          16415     0.00021    0.395  0.489   -0.4916    -0.3766     2073
GBPUSD          16415     0.00060    0.844  0.493   -0.9965    -0.9158     4928
USDJPY          16405     0.05700    0.729  0.513   -0.7288    -0.8306     3875
GBPJPY          16390     0.00000    0.000  0.482   +0.0631    -0.1044      265
EURGBP          16408     0.00051    1.769  0.497   -2.1054    -1.7523     9319
USDCHF          16407     0.00057    1.201  0.511   -1.2575    -1.3165     6723
AUDUSD          16406     0.00043    0.858  0.475   -0.9276    -0.8390     4461
XAUUSD          15588     0.00000    0.000  0.479   -0.0552    +0.0916      240
XAGUSD          15582     0.00000    0.000  0.493   -0.0713    +0.1610      190
XPTUSD          15565     0.00000    0.000  0.488   -0.0767    -0.0117      225

============================================================================================
PART 2 - EXIT LADDERS (random entry isolates the exit method)
============================================================================================
ladder                 mean expR   mean maxDD  beat fixed
fixed_TP_only            -0.3391         4269       0/18
BE_at_1R                 -0.3274         3967      15/18
user_ladder              -0.3147         3767      14/18
loose_ladder             -0.3324         4002      11/18
tight_ladder             -0.2853         3549      17/18
step_1R_behind           -0.3186         3897      15/18

============================================================================================
PART 3 - RIPTIDE  ($10,000 per asset, 1% risk, min confluence 2)
============================================================================================
symbol          sigs    1:2 P&L    DD%    PF    1:3 P&L    DD%    PF    1:5 P&L    DD%    PF
BTCUSD           568        -40   31.2  1.01       +532   32.9  1.04      -1814   41.9  0.97
ETHUSD           562      +1436   19.2  1.07      -1058   27.1  0.98       +450   27.0  1.05
XRPUSD           844      -6207   64.8  0.73      -6436   68.3  0.74      -4888   61.1  0.86
NDX100           638      -3069   40.5  0.88      -3568   43.8  0.87      -4355   52.1  0.85
SPX500           740      -5300   58.5  0.76      -6270   66.6  0.72      -5015   58.7  0.83
GER30            362       -122   21.6  1.01      +1335   19.2  1.10      -1746   24.1  0.93
NTH25            325      -3083   37.0  0.76      -3139   40.9  0.78       -390   24.7  1.01
HK50             394      +3174   14.7  1.20      +4356   15.7  1.23      +6034   21.9  1.28
EURUSD           671      -8710   87.4  0.51      -8312   83.8  0.61      -7596   76.9  0.73
GBPUSD           716      -9750   97.5  0.31      -9772   97.7  0.37      -9833   98.3  0.40
USDJPY           614      -9319   93.2  0.39      -9439   94.3  0.43      -9445   94.4  0.49
GBPJPY           685      -1904   23.1  0.94      -2306   32.9  0.94        -14   31.5  1.03
EURGBP           755      -9989   99.9  0.09      -9989   99.9  0.20      -9987   99.9  0.29
USDCHF           705      -9945   99.4  0.18      -9924   99.2  0.30      -9938   99.4  0.36
AUDUSD           614      -9835   98.3  0.24      -9741   97.4  0.37      -9732   97.3  0.44
XAUUSD           598      +2107   25.5  1.09      +1524   37.8  1.07      +1096   41.4  1.06
XAGUSD           612      -2263   37.6  0.92      -2502   49.1  0.92      -2159   55.5  0.95
XPTUSD           689      -4826   47.7  0.79      -5136   50.9  0.80      -4943   50.6  0.84
  1:2 totals  P&L $-77,644   mean DD 55.4%   profitable 3/18
  1:3 totals  P&L $-79,847   mean DD 58.8%   profitable 4/18
  1:5 totals  P&L $-74,273   mean DD 58.7%   profitable 3/18
