### BROKER: FundedNext   cache=cache_fn

============================================================================================
PART 1 - COST AND RAW GEOMETRY (random entry, 1xATR stop, 5R target)
============================================================================================
symbol           bars  spread(px)   cost R      H  BUY expR  SELL expR  best DD
BTCUSD          16406    22.07000    0.097  0.490   -0.1757    +0.0807      491
ETHUSD          16406     0.55000    0.061  0.504   -0.1480    +0.0672      477
XRPUSD          16406     0.00200    0.255  0.500   -0.6962    +0.2058      397
NDX100          15623     2.78000    0.062  0.491   -0.0341    -0.0288      651
SPX500          15617     0.73000    0.094  0.475   -0.0355    -0.1559      522
GER30            9408     2.00000    0.048  0.485   +0.0108    +0.0812      164
NTH25            8733     0.72000    0.420  0.462   -0.2922    -0.5009      872
HK50            10250     7.68000    0.155  0.462   -0.1114    -0.1205      653
EURUSD          16415     0.00021    0.395  0.489   -0.4916    -0.3766     2073
GBPUSD          16415     0.00060    0.844  0.493   -0.9965    -0.9158     4928
USDJPY          16405     0.05700    0.729  0.513   -0.7288    -0.8306     3875
GBPJPY          16390     0.10000    0.885  0.482   -0.8219    -0.9895     4366
EURGBP          16408     0.00051    1.769  0.497   -2.1054    -1.7523     9319
USDCHF          16407     0.00057    1.201  0.511   -1.2575    -1.3165     6723
AUDUSD          16406     0.00043    0.858  0.475   -0.9276    -0.8390     4461
XAUUSD          15588     1.56000    0.162  0.479   -0.2174    -0.0707      398
XAGUSD          15582     0.10400    0.294  0.493   -0.3653    -0.1330      723
XPTUSD          15565     8.60000    1.049  0.488   -1.1261    -1.0611     5351

============================================================================================
PART 2 - EXIT LADDERS (random entry isolates the exit method)
============================================================================================
ladder                 mean expR   mean maxDD  beat fixed
fixed_TP_only            -0.5327         5718       0/18
BE_at_1R                 -0.5210         5493      15/18
user_ladder              -0.5083         5338      14/18
loose_ladder             -0.5260         5553      11/18
tight_ladder             -0.4789         5052      17/18
step_1R_behind           -0.5122         5412      15/18

============================================================================================
PART 3 - RIPTIDE  ($10,000 per asset, 1% risk, min confluence 2)
============================================================================================
symbol          sigs    1:2 P&L    DD%    PF    1:3 P&L    DD%    PF    1:5 P&L    DD%    PF
BTCUSD           568        -40   31.2  1.01       +532   32.9  1.04      -1814   41.9  0.97
ETHUSD           562       -498   22.2  0.99      -2571   36.4  0.91      -1318   30.2  0.98
XRPUSD           844      -8820   88.1  0.51      -8892   88.8  0.55      -8409   85.6  0.65
NDX100           638      -4349   49.9  0.81      -4756   53.4  0.81      -5398   60.7  0.80
SPX500           740      -6702   69.8  0.67      -7383   76.3  0.65      -6502   68.2  0.75
GER30            362      -1154   24.2  0.94       +151   20.7  1.03      -2609   29.3  0.87
NTH25            325      -7264   72.3  0.40      -7287   73.0  0.46      -6194   61.4  0.63
HK50             394       -662   22.5  0.98       +176   21.1  1.03      +1367   27.0  1.09
EURUSD           671      -8710   87.4  0.51      -8312   83.8  0.61      -7596   76.9  0.73
GBPUSD           716      -9750   97.5  0.31      -9772   97.7  0.37      -9833   98.3  0.40
USDJPY           614      -9319   93.2  0.39      -9439   94.3  0.43      -9445   94.4  0.49
GBPJPY           685      -9831   98.3  0.26      -9839   98.4  0.33      -9791   97.9  0.43
EURGBP           755      -9989   99.9  0.09      -9989   99.9  0.20      -9987   99.9  0.29
USDCHF           705      -9945   99.4  0.18      -9924   99.2  0.30      -9938   99.4  0.36
AUDUSD           614      -9835   98.3  0.24      -9741   97.4  0.37      -9732   97.3  0.44
XAUUSD           598      -2909   43.7  0.89      -3252   51.1  0.89      -3503   60.2  0.91
XAGUSD           612      -7570   78.1  0.59      -7645   81.5  0.63      -7537   82.1  0.68
XPTUSD           689      -9938   99.4  0.19      -9942   99.4  0.26      -9939   99.4  0.32
  1:2 totals  P&L $-117,286   mean DD 70.8%   profitable 0/18
  1:3 totals  P&L $-117,884   mean DD 72.5%   profitable 3/18
  1:5 totals  P&L $-118,177   mean DD 72.8%   profitable 1/18
