### BROKER: Deriv   cache=cache

============================================================================================
PART 1 - COST AND RAW GEOMETRY (random entry, 1xATR stop, 5R target)
============================================================================================
symbol           bars  spread(px)   cost R      H  BUY expR  SELL expR  best DD
BTCUSD          23173    18.42400    0.092  0.508   -0.1240    +0.0016      643
ETHUSD          23173     1.58000    0.203  0.499   -0.2022    -0.1003     1255
XRPUSD          23173     0.00110    0.230  0.536   -0.2837    -0.0350      775
US Tech 100     15589     0.90000    0.020  0.488   +0.0267    +0.0032      508
US SP 500       15589     0.36000    0.047  0.476   +0.0291    -0.1121      451
Germany 40      15406     8.80000    0.251  0.497   -0.2648    -0.2219     1134
Netherlands 25  15332     0.74000    0.528  0.491   -0.5909    -0.5591     2859
Hong Kong 50    14596    22.70000    0.541  0.472   -0.5596    -0.5095     2468
EURUSD          16416     0.00011    0.207  0.492   -0.3311    -0.1813     1055
GBPUSD          16416     0.00012    0.169  0.495   -0.3082    -0.2349     1388
USDJPY          16416     0.01700    0.217  0.510   -0.2018    -0.3174     1118
GBPJPY          16416     0.02100    0.189  0.490   -0.1214    -0.2916      795
EURGBP          16416     0.00019    0.666  0.496   -0.9988    -0.5944     3162
USDCHF          16414     0.00018    0.377  0.512   -0.4463    -0.4654     2424
AUDUSD          16402     0.00012    0.239  0.469   -0.3260    -0.1968     1097
XAUUSD          15546     0.59000    0.062  0.483   -0.0885    +0.0376      294
XAGUSD          15545     0.05500    0.155  0.484   -0.1983    -0.0226      374
XPTUSD          15540    10.32000    1.220  0.468   -1.3327    -1.1800     5935

============================================================================================
PART 2 - EXIT LADDERS (random entry isolates the exit method)
============================================================================================
ladder                 mean expR   mean maxDD  beat fixed
fixed_TP_only            -0.3140         3523       0/18
BE_at_1R                 -0.2992         3276      16/18
user_ladder              -0.2834         3084      15/18
loose_ladder             -0.3058         3353      11/18
tight_ladder             -0.2537         2763      17/18
step_1R_behind           -0.2907         3192      14/18

============================================================================================
PART 3 - RIPTIDE  ($10,000 per asset, 1% risk, min confluence 2)
============================================================================================
symbol          sigs    1:2 P&L    DD%    PF    1:3 P&L    DD%    PF    1:5 P&L    DD%    PF
BTCUSD           798       -351   27.3  1.01       -769   25.9  1.00      -1456   38.7  0.99
ETHUSD           796      -6851   69.2  0.73      -7429   75.7  0.73      -6790   68.2  0.80
XRPUSD           888      -7953   80.4  0.68      -8334   84.1  0.68      -8082   83.5  0.74
US Tech 100      634      -4198   47.6  0.82      -5124   55.0  0.79      -5385   59.6  0.80
US SP 500        695      -5645   59.5  0.73      -6108   64.1  0.73      -3712   50.0  0.89
Germany 40       674      -6798   72.3  0.68      -6700   71.4  0.73      -5566   69.3  0.83
Netherlands 25   598      -8816   88.3  0.46      -8892   88.8  0.50      -8615   85.9  0.59
Hong Kong 50     582      -7548   76.2  0.58      -7663   77.2  0.63      -7346   73.4  0.70
EURUSD           672      -7553   76.7  0.63      -6171   64.7  0.77      -5946   66.3  0.82
GBPUSD           697      -6628   66.1  0.70      -6672   67.8  0.73      -7600   77.4  0.69
USDJPY           609      -6025   60.2  0.72      -6613   65.7  0.71      -6321   66.2  0.77
GBPJPY           678      -4259   46.6  0.84      -4581   53.3  0.85      -1382   41.1  0.99
EURGBP           724      -8987   89.7  0.50      -9194   91.8  0.53      -8764   87.5  0.65
USDCHF           714      -7791   78.3  0.62      -6822   69.5  0.75      -6640   72.9  0.80
AUDUSD           619      -6942   71.7  0.66      -6411   69.6  0.74      -5486   68.4  0.83
XAUUSD           600       -900   35.6  0.98      -1420   48.0  0.97       -331   49.5  1.02
XAGUSD           613      -5497   61.3  0.74      -4837   62.6  0.81      -4394   63.1  0.87
XPTUSD           714      -9957   99.6  0.17      -9963   99.6  0.24      -9968   99.7  0.29
  1:2 totals  P&L $-112,698   mean DD 67.0%   profitable 0/18
  1:3 totals  P&L $-113,703   mean DD 68.6%   profitable 0/18
  1:5 totals  P&L $-103,783   mean DD 67.8%   profitable 0/18
