M15, stop 1.0xATR, TP 2.0R, horizon 96 bars

=== BTCUSD
  atom                    dir   fires       n   P(2R)    lift     expR  liftExp
  displacement            BUY    4.6%    1072   35.4%   +2.9%   -0.031   +0.088
  session_london          BUY   20.9%    4831   34.1%   +1.7%   -0.070   +0.050
  session_asia           SELL   33.4%    7724   35.5%   +1.4%   -0.026   +0.041
  htf_aligned            SELL   51.0%   11814   35.4%   +1.2%   -0.030   +0.036
  htf_aligned             BUY   45.5%   10543   33.2%   +0.8%   -0.095   +0.024
  displacement           SELL    4.8%    1102   34.8%   +0.6%   -0.049   +0.018
  fvg                    SELL    6.3%    1465   34.7%   +0.5%   -0.051   +0.015
  fvg                     BUY    6.4%    1481   32.6%   +0.2%   -0.113   +0.006
  wick_reject            SELL   19.7%    4554   34.3%   +0.1%   -0.063   +0.003
  sweep_low               BUY    4.8%    1110   32.4%   +0.0%   -0.119   +0.001
  _BASELINE               BUY  100.0%   23160   32.4%   +0.0%   -0.119   +0.000
  _BASELINE              SELL  100.0%   23160   34.2%   +0.0%   -0.067   +0.000
  session_ny              BUY   20.8%    4822   32.4%   -0.0%   -0.120   -0.001
  session_london         SELL   20.9%    4831   34.1%   -0.1%   -0.070   -0.003
  session_asia            BUY   33.4%    7724   32.2%   -0.2%   -0.126   -0.006
  premium                SELL   39.9%    9245   33.6%   -0.5%   -0.082   -0.016
  discount                BUY   37.0%    8579   31.6%   -0.8%   -0.145   -0.025
  wick_reject             BUY   19.8%    4590   31.5%   -0.9%   -0.147   -0.027
  retest                 SELL   23.0%    5328   33.2%   -0.9%   -0.094   -0.028
  session_ny             SELL   20.8%    4822   33.0%   -1.2%   -0.102   -0.035
  bos                     BUY   10.8%    2492   31.1%   -1.3%   -0.159   -0.039
  sweep_high             SELL    4.7%    1099   32.5%   -1.7%   -0.117   -0.051
  retest                  BUY   21.9%    5065   30.2%   -2.2%   -0.187   -0.067
  bos                    SELL   11.1%    2572   31.3%   -2.9%   -0.154   -0.087

=== ETHUSD
  atom                    dir   fires       n   P(2R)    lift     expR  liftExp
  session_london          BUY   20.9%    4831   35.4%   +3.1%   -0.142   +0.092
  displacement            BUY    4.2%     967   34.7%   +2.4%   -0.161   +0.073
  volspike                BUY    7.1%    1653   34.6%   +2.3%   -0.165   +0.068
  session_asia           SELL   33.4%    7724   35.9%   +1.8%   -0.127   +0.055
  displacement           SELL    4.2%     979   35.6%   +1.6%   -0.134   +0.048
  session_ny              BUY   20.8%    4822   33.6%   +1.3%   -0.194   +0.039
  htf_aligned             BUY   42.9%    9935   33.6%   +1.3%   -0.195   +0.038
  sweep_high             SELL    4.2%     973   35.0%   +1.0%   -0.152   +0.030
  htf_aligned            SELL   53.6%   12422   34.7%   +0.6%   -0.162   +0.019
  fvg                    SELL    5.8%    1349   34.5%   +0.5%   -0.167   +0.015
  retest                 SELL   21.5%    4980   34.5%   +0.4%   -0.169   +0.013
  discount                BUY   35.8%    8300   32.5%   +0.2%   -0.227   +0.006
  fvg                     BUY    6.0%    1392   32.5%   +0.1%   -0.229   +0.004
  _BASELINE               BUY  100.0%   23160   32.3%   +0.0%   -0.233   +0.000
  _BASELINE              SELL  100.0%   23160   34.1%   +0.0%   -0.181   +0.000
  wick_reject             BUY   20.9%    4831   32.3%   -0.1%   -0.235   -0.002
  premium                SELL   38.9%    9013   33.7%   -0.3%   -0.191   -0.009
  sweep_low               BUY    4.6%    1073   32.0%   -0.4%   -0.244   -0.011
  bos                     BUY    9.8%    2262   31.9%   -0.4%   -0.245   -0.012
  retest                  BUY   21.2%    4906   31.9%   -0.4%   -0.247   -0.013
  wick_reject            SELL   20.6%    4762   33.6%   -0.5%   -0.196   -0.014
  session_london         SELL   20.9%    4831   33.0%   -1.1%   -0.214   -0.032
  bos                    SELL   10.0%    2306   32.8%   -1.2%   -0.218   -0.037
  session_ny             SELL   20.8%    4822   32.7%   -1.4%   -0.222   -0.041
  volspike               SELL    7.0%    1627   32.3%   -1.7%   -0.233   -0.052
  session_asia            BUY   33.4%    7724   30.3%   -2.0%   -0.293   -0.060

=== SOLUSD
  atom                    dir   fires       n   P(2R)    lift     expR  liftExp
  volspike                BUY    8.1%    1866   34.8%   +3.0%   -0.349   +0.089
  displacement            BUY    4.6%    1072   34.0%   +2.2%   -0.373   +0.066
  session_ny              BUY   20.8%    4822   33.9%   +2.1%   -0.376   +0.062
  displacement           SELL    4.8%    1120   36.0%   +1.8%   -0.315   +0.053
  session_asia           SELL   33.4%    7724   35.7%   +1.5%   -0.324   +0.044
  sweep_low               BUY    4.5%    1053   32.7%   +0.8%   -0.414   +0.024
  fvg                     BUY    6.4%    1478   32.5%   +0.7%   -0.418   +0.020
  session_london          BUY   20.9%    4831   32.5%   +0.6%   -0.419   +0.019
  bos                     BUY   10.3%    2387   31.9%   +0.1%   -0.436   +0.002
  fvg                    SELL    6.4%    1480   34.3%   +0.0%   -0.366   +0.001
  _BASELINE               BUY  100.0%   23160   31.9%   +0.0%   -0.438   +0.000
  _BASELINE              SELL  100.0%   23160   34.2%   +0.0%   -0.368   +0.000
  htf_aligned            SELL   52.5%   12148   34.1%   -0.1%   -0.371   -0.003
  sweep_high             SELL    4.5%    1034   33.9%   -0.3%   -0.376   -0.008
  htf_aligned             BUY   44.1%   10209   31.5%   -0.4%   -0.451   -0.012
  wick_reject            SELL   20.6%    4760   33.3%   -0.9%   -0.396   -0.028
  premium                SELL   39.0%    9042   33.2%   -1.0%   -0.397   -0.029
  retest                 SELL   22.7%    5263   33.2%   -1.0%   -0.398   -0.031
  session_london         SELL   20.9%    4831   33.1%   -1.1%   -0.402   -0.034
  discount                BUY   38.3%    8874   30.5%   -1.4%   -0.480   -0.041
  wick_reject             BUY   20.9%    4843   30.4%   -1.5%   -0.484   -0.045
  retest                  BUY   22.8%    5269   30.3%   -1.6%   -0.487   -0.048
  session_asia            BUY   33.4%    7724   30.1%   -1.7%   -0.491   -0.052
  session_ny             SELL   20.8%    4822   31.9%   -2.3%   -0.437   -0.069
  volspike               SELL    7.8%    1796   31.7%   -2.5%   -0.444   -0.076
  bos                    SELL   10.7%    2475   31.7%   -2.5%   -0.444   -0.076

=== XRPUSD
  atom                    dir   fires       n   P(2R)    lift     expR  liftExp
  volspike                BUY    8.1%    1865   33.2%   +2.5%   -0.234   +0.076
  session_london          BUY   20.9%    4831   32.9%   +2.3%   -0.242   +0.068
  session_ny              BUY   20.8%    4822   32.6%   +2.0%   -0.251   +0.059
  sweep_high             SELL    4.5%    1035   35.7%   +0.9%   -0.160   +0.028
  wick_reject            SELL   20.2%    4682   35.5%   +0.8%   -0.164   +0.025
  htf_aligned             BUY   32.7%    7584   31.5%   +0.8%   -0.285   +0.025
  fvg                    SELL    6.9%    1591   35.5%   +0.8%   -0.164   +0.024
  fvg                     BUY    6.6%    1540   31.4%   +0.8%   -0.287   +0.023
  bos                     BUY   10.6%    2458   31.2%   +0.6%   -0.292   +0.017
  displacement            BUY    4.9%    1143   31.1%   +0.5%   -0.295   +0.014
  session_asia           SELL   33.4%    7724   35.2%   +0.4%   -0.175   +0.013
  htf_aligned            SELL   63.8%   14773   35.0%   +0.3%   -0.180   +0.009
  _BASELINE               BUY  100.0%   23160   30.7%   +0.0%   -0.310   +0.000
  _BASELINE              SELL  100.0%   23160   34.7%   +0.0%   -0.188   +0.000
  retest                  BUY   22.4%    5199   30.6%   -0.1%   -0.312   -0.003
  sweep_low               BUY    5.2%    1215   30.5%   -0.2%   -0.316   -0.006
  displacement           SELL    4.9%    1126   34.5%   -0.3%   -0.196   -0.008
  session_asia            BUY   33.4%    7724   29.8%   -0.8%   -0.335   -0.025
  session_london         SELL   20.9%    4831   33.7%   -1.0%   -0.219   -0.031
  premium                SELL   34.6%    8007   33.7%   -1.0%   -0.220   -0.031
  wick_reject             BUY   20.0%    4625   29.3%   -1.4%   -0.352   -0.042
  bos                    SELL   11.4%    2632   33.2%   -1.5%   -0.232   -0.044
  session_ny             SELL   20.8%    4822   33.2%   -1.5%   -0.233   -0.044
  discount                BUY   42.2%    9781   28.6%   -2.1%   -0.373   -0.063
  retest                 SELL   23.8%    5517   32.4%   -2.3%   -0.259   -0.070
  volspike               SELL    7.8%    1808   32.1%   -2.6%   -0.266   -0.077

=== US Tech 100
  atom                    dir   fires       n   P(2R)    lift     expR  liftExp
  session_asia            BUY   35.0%    5459   36.7%   +2.6%   +0.082   +0.077
  bos                    SELL   11.5%    1795   34.0%   +1.6%   +0.001   +0.048
  htf_aligned             BUY   52.6%    8186   35.5%   +1.3%   +0.044   +0.038
  displacement           SELL    5.1%     791   33.5%   +1.1%   -0.015   +0.032
  retest                 SELL   22.2%    3456   33.5%   +1.0%   -0.016   +0.031
  fvg                    SELL    6.2%     968   33.4%   +0.9%   -0.019   +0.028
  htf_aligned            SELL   42.8%    6665   33.3%   +0.9%   -0.021   +0.026
  fvg                     BUY    7.2%    1114   35.0%   +0.8%   +0.030   +0.024
  bos                     BUY   13.6%    2113   34.6%   +0.4%   +0.019   +0.013
  retest                  BUY   25.7%    4001   34.4%   +0.2%   +0.011   +0.005
  session_ny             SELL   21.9%    3405   32.5%   +0.1%   -0.044   +0.003
  session_asia           SELL   35.0%    5459   32.5%   +0.1%   -0.044   +0.003
  _BASELINE               BUY  100.0%   15576   34.2%   +0.0%   +0.006   +0.000
  _BASELINE              SELL  100.0%   15576   32.4%   +0.0%   -0.047   +0.000
  wick_reject            SELL   20.2%    3154   32.4%   -0.0%   -0.048   -0.001
  session_london          BUY   22.0%    3420   33.9%   -0.3%   -0.004   -0.009
  volspike               SELL    4.8%     742   32.1%   -0.4%   -0.058   -0.011
  wick_reject             BUY   20.6%    3212   33.8%   -0.4%   -0.007   -0.012
  discount                BUY   32.1%    5006   33.8%   -0.4%   -0.007   -0.012
  premium                SELL   47.1%    7337   31.9%   -0.5%   -0.063   -0.016
  session_london         SELL   22.0%    3420   31.2%   -1.2%   -0.083   -0.036
  displacement            BUY    4.8%     745   32.3%   -1.8%   -0.050   -0.055
  volspike                BUY    4.5%     706   32.2%   -2.0%   -0.056   -0.061
  sweep_low               BUY    5.6%     874   32.0%   -2.2%   -0.059   -0.065
  sweep_high             SELL    7.2%    1117   30.0%   -2.4%   -0.121   -0.073
  session_ny              BUY   21.9%    3405   30.8%   -3.4%   -0.095   -0.101

=== US SP 500
  atom                    dir   fires       n   P(2R)    lift     expR  liftExp
  htf_aligned            SELL   40.9%    6363   34.0%   +2.0%   -0.027   +0.060
  volspike               SELL    8.1%    1255   33.7%   +1.7%   -0.036   +0.051
  discount                BUY   31.3%    4882   36.3%   +1.6%   +0.041   +0.049
  session_ny             SELL   21.9%    3405   33.7%   +1.6%   -0.038   +0.049
  session_asia            BUY   35.0%    5459   36.3%   +1.6%   +0.040   +0.049
  htf_aligned             BUY   54.5%    8488   35.6%   +0.9%   +0.020   +0.028
  displacement           SELL    4.8%     754   32.8%   +0.7%   -0.065   +0.022
  sweep_low               BUY    5.3%     826   35.4%   +0.7%   +0.013   +0.022
  premium                SELL   46.4%    7232   32.7%   +0.6%   -0.068   +0.019
  fvg                     BUY    6.9%    1071   35.1%   +0.5%   +0.006   +0.014
  fvg                    SELL    6.1%     948   32.4%   +0.4%   -0.076   +0.011
  _BASELINE               BUY  100.0%   15576   34.6%   +0.0%   -0.008   +0.000
  _BASELINE              SELL  100.0%   15576   32.0%   +0.0%   -0.087   +0.000
  bos                     BUY   12.6%    1962   34.6%   -0.1%   -0.011   -0.002
  bos                    SELL   10.9%    1701   31.9%   -0.2%   -0.091   -0.005
  session_asia           SELL   35.0%    5459   31.5%   -0.5%   -0.101   -0.014
  session_london          BUY   22.0%    3420   34.1%   -0.6%   -0.025   -0.017
  retest                  BUY   25.6%    3989   33.9%   -0.7%   -0.031   -0.022
  wick_reject            SELL   20.5%    3196   31.3%   -0.8%   -0.110   -0.023
  wick_reject             BUY   21.1%    3286   33.7%   -0.9%   -0.035   -0.026
  retest                 SELL   22.0%    3429   31.0%   -1.0%   -0.117   -0.031
  displacement            BUY    4.8%     754   33.6%   -1.1%   -0.041   -0.032
  sweep_high             SELL    7.0%    1089   30.8%   -1.3%   -0.125   -0.038
  session_london         SELL   22.0%    3420   30.6%   -1.5%   -0.131   -0.044
  session_ny              BUY   21.9%    3405   32.8%   -1.8%   -0.062   -0.054
  volspike                BUY    7.3%    1138   32.2%   -2.5%   -0.083   -0.074

=== Germany 40
  atom                    dir   fires       n   P(2R)    lift     expR  liftExp
  session_ny             SELL   21.8%    3360   37.1%   +4.0%   -0.137   +0.120
  session_asia            BUY   34.7%    5348   37.2%   +3.5%   -0.134   +0.105
  htf_aligned            SELL   43.5%    6696   35.6%   +2.5%   -0.181   +0.076
  discount                BUY   34.8%    5362   35.4%   +1.7%   -0.189   +0.050
  htf_aligned             BUY   51.7%    7959   35.3%   +1.5%   -0.192   +0.046
  sweep_low               BUY    5.1%     789   34.7%   +1.0%   -0.209   +0.030
  volspike               SELL   10.3%    1589   34.0%   +0.9%   -0.229   +0.028
  displacement           SELL    4.8%     742   34.0%   +0.8%   -0.232   +0.025
  wick_reject             BUY   21.7%    3333   34.5%   +0.8%   -0.214   +0.024
  session_london         SELL   21.8%    3360   33.8%   +0.7%   -0.237   +0.020
  premium                SELL   43.4%    6682   33.5%   +0.4%   -0.244   +0.013
  wick_reject            SELL   21.4%    3295   33.3%   +0.2%   -0.251   +0.006
  bos                     BUY   11.7%    1808   33.9%   +0.2%   -0.233   +0.005
  sweep_high             SELL    6.6%    1012   33.2%   +0.1%   -0.254   +0.002
  _BASELINE               BUY  100.0%   15393   33.7%   +0.0%   -0.239   +0.000
  _BASELINE              SELL  100.0%   15393   33.1%   +0.0%   -0.257   +0.000
  fvg                     BUY    6.5%     996   33.6%   -0.1%   -0.241   -0.003
  retest                 SELL   22.6%    3474   32.8%   -0.4%   -0.268   -0.011
  fvg                    SELL    6.0%     919   32.6%   -0.5%   -0.271   -0.014
  volspike                BUY   10.0%    1532   32.6%   -1.2%   -0.273   -0.035
  session_london          BUY   21.8%    3360   32.5%   -1.2%   -0.275   -0.036
  bos                    SELL   11.5%    1776   31.6%   -1.5%   -0.303   -0.046
  displacement            BUY    5.0%     763   31.7%   -2.0%   -0.299   -0.060
  retest                  BUY   23.8%    3667   30.7%   -3.0%   -0.329   -0.091
  session_asia           SELL   34.7%    5348   29.7%   -3.4%   -0.360   -0.103
  session_ny              BUY   21.8%    3360   30.0%   -3.7%   -0.351   -0.112

=== Netherlands 25
  atom                    dir   fires       n   P(2R)    lift     expR  liftExp
  displacement           SELL    5.2%     791   35.7%   +2.8%   -0.458   +0.084
  discount                BUY   34.0%    5201   34.2%   +2.2%   -0.502   +0.067
  session_london          BUY   21.8%    3347   34.1%   +2.1%   -0.506   +0.063
  sweep_low               BUY    5.0%     765   34.0%   +2.0%   -0.508   +0.060
  session_ny             SELL   21.9%    3360   34.0%   +1.2%   -0.506   +0.036
  premium                SELL   44.8%    6868   33.8%   +1.0%   -0.513   +0.030
  wick_reject            SELL   20.2%    3094   33.3%   +0.5%   -0.529   +0.014
  session_ny              BUY   21.9%    3360   32.2%   +0.3%   -0.561   +0.008
  volspike                BUY   10.8%    1647   32.2%   +0.2%   -0.562   +0.006
  bos                     BUY   12.5%    1915   32.1%   +0.1%   -0.564   +0.004
  session_asia            BUY   34.5%    5288   32.0%   +0.0%   -0.568   +0.000
  _BASELINE               BUY  100.0%   15319   32.0%   +0.0%   -0.569   +0.000
  _BASELINE              SELL  100.0%   15319   32.8%   +0.0%   -0.543   +0.000
  fvg                     BUY    7.0%    1075   31.9%   -0.1%   -0.571   -0.002
  retest                 SELL   22.2%    3400   32.4%   -0.4%   -0.555   -0.012
  volspike               SELL   11.6%    1778   32.3%   -0.5%   -0.558   -0.015
  retest                  BUY   24.5%    3750   31.2%   -0.7%   -0.591   -0.022
  sweep_high             SELL    5.5%     845   31.8%   -1.0%   -0.573   -0.030
  session_asia           SELL   34.5%    5288   31.7%   -1.2%   -0.578   -0.035
  wick_reject             BUY   20.8%    3182   30.7%   -1.3%   -0.608   -0.039
  htf_aligned            SELL   35.9%    5495   31.4%   -1.4%   -0.585   -0.042
  bos                    SELL   11.4%    1745   31.2%   -1.6%   -0.591   -0.048
  fvg                    SELL    6.5%     989   31.1%   -1.7%   -0.594   -0.051
  htf_aligned             BUY   59.4%    9097   30.2%   -1.8%   -0.623   -0.054
  session_london         SELL   21.8%    3347   31.0%   -1.9%   -0.599   -0.056
  displacement            BUY    5.0%     767   30.0%   -2.0%   -0.628   -0.060

=== Hong Kong 50
  atom                    dir   fires       n   P(2R)    lift     expR  liftExp
  session_london          BUY   21.9%    3200   35.1%   +3.0%   -0.489   +0.089
  sweep_high             SELL    5.5%     802   35.5%   +2.5%   -0.475   +0.076
  sweep_low               BUY    5.8%     852   34.0%   +1.9%   -0.520   +0.058
  discount                BUY   40.8%    5944   33.7%   +1.6%   -0.531   +0.047
  premium                SELL   38.6%    5627   34.3%   +1.3%   -0.513   +0.038
  wick_reject            SELL   20.3%    2962   33.6%   +0.6%   -0.533   +0.018
  session_ny             SELL   21.9%    3200   33.6%   +0.6%   -0.533   +0.018
  htf_aligned            SELL   50.1%    7311   33.6%   +0.6%   -0.533   +0.018
  displacement           SELL    4.9%     710   33.2%   +0.2%   -0.544   +0.007
  volspike               SELL   11.5%    1673   33.2%   +0.2%   -0.544   +0.007
  htf_aligned             BUY   44.8%    6538   32.3%   +0.2%   -0.572   +0.007
  _BASELINE               BUY  100.0%   14583   32.1%   +0.0%   -0.578   +0.000
  _BASELINE              SELL  100.0%   14583   33.0%   +0.0%   -0.551   +0.000
  session_asia            BUY   34.7%    5064   32.1%   -0.0%   -0.579   -0.001
  wick_reject             BUY   21.1%    3074   32.0%   -0.1%   -0.581   -0.003
  session_ny              BUY   21.9%    3200   32.0%   -0.1%   -0.581   -0.003
  retest                 SELL   23.9%    3484   32.9%   -0.1%   -0.555   -0.004
  fvg                     BUY    6.3%     923   31.3%   -0.8%   -0.602   -0.024
  session_asia           SELL   34.7%    5064   31.8%   -1.2%   -0.586   -0.035
  displacement            BUY    4.9%     717   30.7%   -1.4%   -0.621   -0.042
  session_london         SELL   21.9%    3200   31.5%   -1.5%   -0.597   -0.046
  retest                  BUY   22.0%    3211   30.5%   -1.6%   -0.628   -0.049
  bos                     BUY   11.4%    1666   30.3%   -1.8%   -0.632   -0.054
  fvg                    SELL    6.6%     966   31.0%   -2.1%   -0.613   -0.062
  volspike                BUY   10.8%    1577   29.8%   -2.3%   -0.647   -0.069
  bos                    SELL   12.2%    1786   30.2%   -2.8%   -0.636   -0.085

=== EURUSD
  atom                    dir   fires       n   P(2R)    lift     expR  liftExp
  session_ny             SELL   20.8%    3420   38.1%   +2.7%   -0.063   +0.082
  discount                BUY   43.0%    7048   32.8%   +2.5%   -0.222   +0.076
  session_london          BUY   20.8%    3420   32.7%   +2.4%   -0.225   +0.072
  session_asia            BUY   33.3%    5463   32.5%   +2.2%   -0.231   +0.067
  sweep_high             SELL    5.3%     867   37.5%   +2.1%   -0.082   +0.062
  sweep_low               BUY    6.2%    1013   32.3%   +2.0%   -0.238   +0.059
  displacement            BUY    5.3%     862   32.1%   +1.8%   -0.243   +0.055
  premium                SELL   36.3%    5949   36.5%   +1.1%   -0.112   +0.033
  fvg                     BUY    6.4%    1048   31.4%   +1.1%   -0.265   +0.032
  volspike                BUY    6.3%    1030   31.2%   +0.8%   -0.272   +0.025
  wick_reject            SELL   20.5%    3366   35.7%   +0.3%   -0.136   +0.009
  _BASELINE               BUY  100.0%   16403   30.3%   +0.0%   -0.297   +0.000
  _BASELINE              SELL  100.0%   16403   35.4%   +0.0%   -0.145   +0.000
  wick_reject             BUY   20.0%    3286   30.2%   -0.1%   -0.301   -0.004
  htf_aligned            SELL   48.5%    7960   35.3%   -0.2%   -0.149   -0.005
  bos                     BUY   11.1%    1817   29.9%   -0.4%   -0.309   -0.011
  session_london         SELL   20.8%    3420   34.6%   -0.8%   -0.170   -0.025
  session_asia           SELL   33.3%    5463   34.4%   -1.0%   -0.174   -0.029
  htf_aligned             BUY   46.8%    7680   29.2%   -1.1%   -0.330   -0.032
  session_ny              BUY   20.8%    3420   29.1%   -1.3%   -0.335   -0.038
  volspike               SELL    7.0%    1145   34.0%   -1.4%   -0.188   -0.043
  retest                 SELL   25.0%    4098   33.8%   -1.6%   -0.192   -0.047
  retest                  BUY   22.7%    3731   27.9%   -2.4%   -0.370   -0.072
  displacement           SELL    5.2%     860   32.1%   -3.3%   -0.244   -0.099
  bos                    SELL   12.5%    2046   31.6%   -3.8%   -0.260   -0.115
  fvg                    SELL    6.8%    1111   30.2%   -5.2%   -0.300   -0.155

=== GBPUSD
  atom                    dir   fires       n   P(2R)    lift     expR  liftExp
  sweep_low               BUY    5.6%     916   33.6%   +3.5%   -0.160   +0.106
  session_asia            BUY   33.3%    5463   33.6%   +3.5%   -0.160   +0.106
  session_london          BUY   20.8%    3420   33.0%   +3.0%   -0.177   +0.089
  sweep_high             SELL    5.5%     903   37.9%   +2.7%   -0.032   +0.080
  discount                BUY   40.1%    6584   32.3%   +2.3%   -0.199   +0.068
  volspike                BUY    4.5%     740   31.9%   +1.8%   -0.212   +0.054
  premium                SELL   37.8%    6206   36.7%   +1.5%   -0.067   +0.046
  fvg                     BUY    6.3%    1028   31.6%   +1.5%   -0.220   +0.046
  session_ny             SELL   20.8%    3420   36.3%   +1.1%   -0.081   +0.032
  htf_aligned            SELL   45.0%    7388   35.3%   +0.1%   -0.108   +0.004
  displacement            BUY    5.1%     844   30.2%   +0.1%   -0.262   +0.004
  volspike               SELL    5.1%     842   35.3%   +0.1%   -0.111   +0.002
  wick_reject            SELL   20.3%    3329   35.2%   +0.0%   -0.113   +0.000
  _BASELINE               BUY  100.0%   16403   30.1%   +0.0%   -0.266   +0.000
  _BASELINE              SELL  100.0%   16403   35.2%   +0.0%   -0.113   +0.000
  session_london         SELL   20.8%    3420   35.0%   -0.2%   -0.119   -0.006
  wick_reject             BUY   20.0%    3286   29.8%   -0.3%   -0.276   -0.010
  bos                     BUY   11.6%    1897   29.5%   -0.6%   -0.283   -0.017
  htf_aligned             BUY   50.3%    8252   29.5%   -0.6%   -0.285   -0.019
  session_ny              BUY   20.8%    3420   28.4%   -1.7%   -0.316   -0.050
  retest                  BUY   23.6%    3877   28.1%   -2.0%   -0.327   -0.061
  retest                 SELL   25.8%    4235   32.8%   -2.4%   -0.186   -0.073
  session_asia           SELL   33.3%    5463   32.7%   -2.5%   -0.189   -0.076
  bos                    SELL   12.4%    2036   31.5%   -3.7%   -0.224   -0.112
  fvg                    SELL    6.7%    1096   31.3%   -3.9%   -0.230   -0.117
  displacement           SELL    4.9%     808   28.5%   -6.7%   -0.315   -0.202

=== USDJPY
  atom                    dir   fires       n   P(2R)    lift     expR  liftExp
  discount                BUY   23.7%    3880   37.4%   +3.9%   -0.094   +0.118
  session_ny              BUY   20.8%    3420   36.5%   +3.0%   -0.120   +0.091
  premium                SELL   53.8%    8827   35.8%   +2.9%   -0.143   +0.087
  sweep_high             SELL    6.0%     979   35.1%   +2.3%   -0.162   +0.068
  session_asia            BUY   33.3%    5463   35.3%   +1.8%   -0.156   +0.055
  sweep_low               BUY    3.8%     624   34.6%   +1.1%   -0.178   +0.033
  volspike                BUY    4.1%     675   34.5%   +1.0%   -0.181   +0.031
  wick_reject            SELL   20.0%    3274   33.0%   +0.1%   -0.226   +0.004
  _BASELINE               BUY  100.0%   16403   33.5%   +0.0%   -0.212   +0.000
  _BASELINE              SELL  100.0%   16403   32.9%   +0.0%   -0.230   +0.000
  session_asia           SELL   33.3%    5463   32.7%   -0.2%   -0.236   -0.006
  wick_reject             BUY   21.7%    3557   33.0%   -0.5%   -0.226   -0.015
  displacement            BUY    4.9%     808   32.9%   -0.6%   -0.229   -0.017
  session_london         SELL   20.8%    3420   32.0%   -0.9%   -0.256   -0.026
  retest                 SELL   19.7%    3228   32.0%   -0.9%   -0.257   -0.027
  session_london          BUY   20.8%    3420   32.5%   -1.0%   -0.242   -0.030
  htf_aligned             BUY   66.7%   10936   32.2%   -1.3%   -0.252   -0.040
  retest                  BUY   26.6%    4355   31.4%   -2.1%   -0.274   -0.063
  fvg                     BUY    7.3%    1191   31.3%   -2.2%   -0.277   -0.065
  htf_aligned            SELL   28.7%    4704   30.4%   -2.5%   -0.304   -0.074
  volspike               SELL    4.5%     741   30.0%   -2.9%   -0.318   -0.087
  fvg                    SELL    5.9%     962   29.3%   -3.6%   -0.337   -0.107
  displacement           SELL    4.1%     675   29.2%   -3.7%   -0.341   -0.111
  bos                     BUY   13.4%    2199   29.5%   -4.0%   -0.333   -0.121
  bos                    SELL    9.4%    1549   28.5%   -4.4%   -0.362   -0.132
  session_ny             SELL   20.8%    3420   28.0%   -4.9%   -0.377   -0.147

=== GBPJPY
  atom                    dir   fires       n   P(2R)    lift     expR  liftExp
  session_london          BUY   20.8%    3420   35.9%   +3.4%   -0.111   +0.101
  session_ny              BUY   20.8%    3420   35.4%   +2.8%   -0.127   +0.085
  session_asia            BUY   33.3%    5463   34.9%   +2.3%   -0.144   +0.069
  discount                BUY   28.7%    4704   34.4%   +1.8%   -0.157   +0.055
  sweep_low               BUY    4.9%     804   34.1%   +1.5%   -0.167   +0.046
  premium                SELL   48.4%    7947   34.5%   +0.9%   -0.153   +0.027
  displacement            BUY    4.5%     737   33.4%   +0.8%   -0.188   +0.025
  sweep_high             SELL    7.4%    1216   34.4%   +0.7%   -0.158   +0.022
  retest                  BUY   26.3%    4313   33.2%   +0.7%   -0.192   +0.021
  _BASELINE               BUY  100.0%   16403   32.6%   +0.0%   -0.212   +0.000
  _BASELINE              SELL  100.0%   16403   33.6%   +0.0%   -0.180   +0.000
  wick_reject             BUY   21.5%    3520   32.5%   -0.1%   -0.214   -0.002
  fvg                     BUY    6.0%     984   32.4%   -0.1%   -0.217   -0.004
  wick_reject            SELL   20.7%    3397   33.1%   -0.5%   -0.195   -0.015
  bos                    SELL   10.5%    1718   32.7%   -0.9%   -0.208   -0.028
  volspike                BUY    5.6%     924   31.4%   -1.2%   -0.248   -0.035
  session_london         SELL   20.8%    3420   32.5%   -1.2%   -0.215   -0.036
  volspike               SELL    5.7%     933   32.4%   -1.3%   -0.218   -0.038
  retest                 SELL   22.2%    3648   32.2%   -1.4%   -0.222   -0.042
  bos                     BUY   12.9%    2109   31.1%   -1.5%   -0.257   -0.045
  fvg                    SELL    5.6%     925   31.8%   -1.9%   -0.236   -0.056
  htf_aligned             BUY   60.8%    9976   30.3%   -2.3%   -0.281   -0.069
  session_asia           SELL   33.3%    5463   31.2%   -2.4%   -0.252   -0.072
  htf_aligned            SELL   34.5%    5664   30.5%   -3.1%   -0.274   -0.094
  displacement           SELL    4.2%     695   30.4%   -3.3%   -0.278   -0.098
  session_ny             SELL   20.8%    3420   30.1%   -3.5%   -0.285   -0.105

=== EURGBP
  atom                    dir   fires       n   P(2R)    lift     expR  liftExp
  session_asia            BUY   33.3%    5463   32.5%   +5.5%   -0.692   +0.165
  volspike                BUY    6.1%    1002   31.3%   +4.4%   -0.726   +0.131
  premium                SELL   41.5%    6805   42.4%   +4.0%   -0.395   +0.121
  discount                BUY   33.0%    5406   30.3%   +3.3%   -0.758   +0.099
  session_london          BUY   20.8%    3420   30.0%   +3.1%   -0.765   +0.092
  sweep_low               BUY    5.7%     940   28.9%   +2.0%   -0.798   +0.059
  sweep_high             SELL    5.5%     904   40.2%   +1.8%   -0.461   +0.055
  displacement            BUY    4.7%     770   28.2%   +1.2%   -0.821   +0.037
  wick_reject            SELL   22.8%    3743   39.5%   +1.1%   -0.482   +0.034
  htf_aligned             BUY   41.8%    6856   27.9%   +1.0%   -0.828   +0.029
  htf_aligned            SELL   53.6%    8784   39.2%   +0.9%   -0.490   +0.026
  session_ny             SELL   20.8%    3420   38.9%   +0.5%   -0.500   +0.016
  wick_reject             BUY   22.5%    3695   27.0%   +0.0%   -0.856   +0.001
  _BASELINE               BUY  100.0%   16403   27.0%   +0.0%   -0.857   +0.000
  _BASELINE              SELL  100.0%   16403   38.3%   +0.0%   -0.516   +0.000
  fvg                     BUY    4.8%     789   26.5%   -0.5%   -0.871   -0.014
  bos                     BUY   10.3%    1687   26.4%   -0.6%   -0.875   -0.018
  session_ny              BUY   20.8%    3420   26.0%   -1.0%   -0.886   -0.029
  retest                  BUY   24.7%    4053   25.9%   -1.1%   -0.890   -0.032
  session_london         SELL   20.8%    3420   35.8%   -2.5%   -0.591   -0.075
  retest                 SELL   25.2%    4127   34.4%   -4.0%   -0.635   -0.119
  volspike               SELL    5.7%     940   33.6%   -4.7%   -0.658   -0.141
  bos                    SELL   11.1%    1824   33.4%   -4.9%   -0.663   -0.147
  fvg                    SELL    5.1%     834   33.0%   -5.4%   -0.677   -0.161
  displacement           SELL    4.3%     712   32.6%   -5.7%   -0.689   -0.172
  session_asia           SELL   33.3%    5463   32.1%   -6.2%   -0.702   -0.186

=== USDCHF
  atom                    dir   fires       n   P(2R)    lift     expR  liftExp
  sweep_low               BUY    5.1%     832   35.1%   +3.5%   -0.324   +0.106
  premium                SELL   47.8%    7840   38.3%   +3.1%   -0.230   +0.094
  session_asia            BUY   33.3%    5463   34.5%   +3.0%   -0.342   +0.089
  discount                BUY   32.2%    5286   33.6%   +2.1%   -0.368   +0.062
  session_london          BUY   20.9%    3420   33.5%   +1.9%   -0.373   +0.057
  sweep_high             SELL    6.6%    1077   37.0%   +1.8%   -0.269   +0.055
  session_ny              BUY   20.9%    3420   33.2%   +1.6%   -0.382   +0.049
  displacement            BUY    5.8%     958   32.5%   +0.9%   -0.403   +0.027
  volspike                BUY    6.4%    1047   32.2%   +0.6%   -0.412   +0.019
  _BASELINE               BUY  100.0%   16401   31.6%   +0.0%   -0.430   +0.000
  _BASELINE              SELL  100.0%   16401   35.1%   +0.0%   -0.324   +0.000
  htf_aligned            SELL   40.6%    6666   35.1%   -0.0%   -0.324   -0.000
  wick_reject            SELL   19.3%    3172   34.6%   -0.6%   -0.341   -0.017
  htf_aligned             BUY   54.7%    8972   30.8%   -0.8%   -0.454   -0.024
  wick_reject             BUY   20.4%    3341   30.5%   -1.1%   -0.463   -0.033
  session_london         SELL   20.9%    3420   33.5%   -1.6%   -0.373   -0.049
  bos                     BUY   13.2%    2165   29.8%   -1.7%   -0.482   -0.052
  retest                  BUY   25.2%    4138   29.8%   -1.7%   -0.483   -0.052
  session_asia           SELL   33.3%    5463   33.2%   -2.0%   -0.383   -0.059
  fvg                     BUY    7.5%    1226   29.4%   -2.2%   -0.496   -0.066
  session_ny             SELL   20.9%    3420   32.5%   -2.6%   -0.401   -0.077
  displacement           SELL    5.6%     921   32.1%   -3.0%   -0.413   -0.089
  bos                    SELL   11.6%    1899   32.1%   -3.1%   -0.415   -0.092
  retest                 SELL   22.9%    3764   31.9%   -3.2%   -0.419   -0.096
  volspike               SELL    6.9%    1125   31.7%   -3.4%   -0.425   -0.102
  fvg                    SELL    6.7%    1094   30.1%   -5.0%   -0.475   -0.151

=== AUDUSD
  atom                    dir   fires       n   P(2R)    lift     expR  liftExp
  session_london          BUY   20.9%    3420   35.1%   +4.4%   -0.184   +0.131
  session_asia            BUY   33.3%    5463   35.0%   +4.2%   -0.189   +0.126
  sweep_low               BUY    5.2%     850   33.5%   +2.7%   -0.233   +0.082
  displacement            BUY    5.3%     863   33.5%   +2.7%   -0.234   +0.081
  discount                BUY   35.3%    5784   33.1%   +2.3%   -0.246   +0.069
  sweep_high             SELL    5.5%     903   38.6%   +2.2%   -0.079   +0.065
  premium                SELL   41.8%    6855   38.5%   +2.0%   -0.085   +0.060
  session_ny             SELL   20.9%    3420   38.2%   +1.7%   -0.093   +0.052
  wick_reject            SELL   20.5%    3363   37.8%   +1.3%   -0.106   +0.039
  htf_aligned            SELL   36.7%    6020   37.7%   +1.2%   -0.108   +0.037
  fvg                     BUY    6.6%    1082   32.0%   +1.2%   -0.279   +0.036
  volspike                BUY    6.0%     989   31.6%   +0.9%   -0.289   +0.026
  htf_aligned             BUY   58.6%    9606   31.4%   +0.6%   -0.298   +0.018
  _BASELINE               BUY  100.0%   16389   30.8%   +0.0%   -0.315   +0.000
  _BASELINE              SELL  100.0%   16389   36.5%   +0.0%   -0.145   +0.000
  bos                     BUY   12.0%    1968   30.6%   -0.1%   -0.320   -0.004
  wick_reject             BUY   20.0%    3278   30.6%   -0.2%   -0.320   -0.005
  retest                 SELL   24.3%    3980   35.0%   -1.5%   -0.190   -0.045
  retest                  BUY   24.4%    4000   28.7%   -2.1%   -0.379   -0.063
  session_ny              BUY   20.9%    3420   28.4%   -2.4%   -0.387   -0.072
  displacement           SELL    4.8%     794   33.5%   -3.0%   -0.234   -0.089
  volspike               SELL    6.0%     986   33.2%   -3.3%   -0.244   -0.099
  bos                    SELL   12.0%    1972   32.9%   -3.6%   -0.253   -0.108
  session_asia           SELL   33.3%    5463   32.6%   -3.9%   -0.262   -0.117
  session_london         SELL   20.9%    3420   32.0%   -4.5%   -0.279   -0.134
  fvg                    SELL    6.4%    1056   31.5%   -4.9%   -0.293   -0.148

=== XAUUSD
  atom                    dir   fires       n   P(2R)    lift     expR  liftExp
  session_ny             SELL   21.9%    3400   37.8%   +3.0%   +0.073   +0.090
  fvg                     BUY    6.7%    1035   33.6%   +2.5%   -0.053   +0.074
  session_asia            BUY   34.9%    5427   33.1%   +1.9%   -0.069   +0.058
  bos                     BUY   11.8%    1835   32.9%   +1.7%   -0.076   +0.052
  sweep_high             SELL    5.9%     919   36.3%   +1.5%   +0.029   +0.046
  htf_aligned            SELL   46.7%    7258   35.7%   +0.9%   +0.009   +0.026
  displacement            BUY    4.7%     729   32.0%   +0.8%   -0.103   +0.025
  retest                  BUY   23.2%    3605   31.9%   +0.8%   -0.105   +0.023
  sweep_low               BUY    5.6%     869   31.9%   +0.7%   -0.105   +0.022
  fvg                    SELL    6.0%     927   35.3%   +0.5%   -0.003   +0.014
  session_london         SELL   21.9%    3400   35.3%   +0.4%   -0.004   +0.013
  wick_reject             BUY   20.6%    3204   31.5%   +0.4%   -0.116   +0.011
  htf_aligned             BUY   48.6%    7550   31.3%   +0.2%   -0.122   +0.005
  premium                SELL   42.7%    6631   34.9%   +0.1%   -0.015   +0.002
  _BASELINE               BUY  100.0%   15533   31.1%   +0.0%   -0.128   +0.000
  _BASELINE              SELL  100.0%   15533   34.8%   +0.0%   -0.017   +0.000
  wick_reject            SELL   20.0%    3101   34.7%   -0.1%   -0.020   -0.003
  discount                BUY   34.9%    5420   30.8%   -0.4%   -0.138   -0.011
  session_asia           SELL   34.9%    5427   34.2%   -0.6%   -0.036   -0.019
  volspike               SELL    2.1%     333   33.9%   -0.9%   -0.044   -0.026
  session_ny              BUY   21.9%    3400   29.9%   -1.2%   -0.164   -0.037
  retest                 SELL   23.8%    3690   33.0%   -1.8%   -0.072   -0.055
  bos                    SELL   11.2%    1744   32.5%   -2.3%   -0.086   -0.069
  session_london          BUY   21.9%    3400   28.0%   -3.2%   -0.223   -0.095
  volspike                BUY    2.0%     315   26.7%   -4.5%   -0.262   -0.134
  displacement           SELL    5.0%     771   29.6%   -5.2%   -0.175   -0.157

=== XAGUSD
  atom                    dir   fires       n   P(2R)    lift     expR  liftExp
  fvg                     BUY    6.7%    1035   35.3%   +4.6%   -0.097   +0.139
  displacement            BUY    4.8%     741   33.5%   +2.8%   -0.151   +0.085
  session_asia            BUY   34.9%    5427   33.2%   +2.6%   -0.158   +0.079
  session_london         SELL   21.9%    3400   38.4%   +2.1%   -0.005   +0.064
  bos                     BUY   12.0%    1871   32.2%   +1.6%   -0.190   +0.047
  htf_aligned            SELL   49.6%    7702   37.6%   +1.4%   -0.028   +0.041
  retest                  BUY   22.6%    3517   31.8%   +1.2%   -0.200   +0.037
  session_ny             SELL   21.9%    3400   37.4%   +1.2%   -0.033   +0.036
  retest                 SELL   23.1%    3583   37.0%   +0.8%   -0.044   +0.025
  volspike                BUY    5.3%     824   31.1%   +0.4%   -0.223   +0.013
  htf_aligned             BUY   45.7%    7105   30.8%   +0.2%   -0.231   +0.005
  _BASELINE               BUY  100.0%   15532   30.6%   +0.0%   -0.237   +0.000
  _BASELINE              SELL  100.0%   15532   36.2%   +0.0%   -0.069   +0.000
  sweep_high             SELL    5.9%     915   36.1%   -0.1%   -0.073   -0.004
  session_ny              BUY   21.9%    3400   30.2%   -0.4%   -0.250   -0.013
  sweep_low               BUY    5.3%     819   30.2%   -0.5%   -0.251   -0.014
  wick_reject            SELL   19.9%    3097   35.7%   -0.5%   -0.084   -0.015
  premium                SELL   43.0%    6671   35.7%   -0.5%   -0.085   -0.016
  wick_reject             BUY   20.2%    3143   29.5%   -1.1%   -0.270   -0.034
  discount                BUY   34.1%    5299   29.2%   -1.4%   -0.279   -0.042
  session_asia           SELL   34.9%    5427   34.7%   -1.5%   -0.114   -0.046
  volspike               SELL    5.2%     806   34.4%   -1.8%   -0.124   -0.055
  bos                    SELL   10.9%    1700   33.2%   -3.0%   -0.158   -0.089
  displacement           SELL    5.0%     771   33.1%   -3.1%   -0.163   -0.094
  session_london          BUY   21.9%    3400   26.9%   -3.7%   -0.349   -0.112
  fvg                    SELL    6.0%     930   32.2%   -4.1%   -0.191   -0.122

=== XPTUSD
  atom                    dir   fires       n   P(2R)    lift     expR  liftExp
  displacement            BUY    4.8%     745   32.8%   +3.0%   -1.238   +0.089
  session_asia            BUY   34.9%    5424   31.1%   +1.3%   -1.287   +0.040
  htf_aligned            SELL   49.7%    7719   36.1%   +1.2%   -1.136   +0.036
  fvg                     BUY    5.8%     899   30.9%   +1.1%   -1.292   +0.034
  premium                SELL   39.7%    6170   36.0%   +1.1%   -1.141   +0.032
  session_ny             SELL   21.9%    3400   35.7%   +0.8%   -1.148   +0.024
  discount                BUY   37.8%    5863   30.3%   +0.5%   -1.310   +0.016
  retest                 SELL   23.3%    3618   35.4%   +0.4%   -1.160   +0.013
  wick_reject            SELL   20.1%    3125   35.1%   +0.1%   -1.168   +0.004
  htf_aligned             BUY   45.6%    7083   29.9%   +0.1%   -1.324   +0.003
  _BASELINE               BUY  100.0%   15527   29.8%   +0.0%   -1.327   +0.000
  _BASELINE              SELL  100.0%   15527   34.9%   +0.0%   -1.172   +0.000
  bos                     BUY   12.1%    1877   29.6%   -0.2%   -1.333   -0.006
  session_london          BUY   21.9%    3400   29.4%   -0.4%   -1.338   -0.011
  sweep_low               BUY    6.2%     962   29.0%   -0.8%   -1.350   -0.023
  session_london         SELL   21.9%    3400   34.1%   -0.8%   -1.198   -0.025
  session_asia           SELL   34.9%    5424   34.1%   -0.9%   -1.199   -0.026
  volspike                BUY    3.9%     609   28.9%   -0.9%   -1.353   -0.026
  wick_reject             BUY   22.7%    3521   28.6%   -1.2%   -1.363   -0.036
  retest                  BUY   23.9%    3714   27.7%   -2.1%   -1.390   -0.063
  session_ny              BUY   21.9%    3400   27.4%   -2.4%   -1.398   -0.071
  sweep_high             SELL    6.0%     936   32.5%   -2.4%   -1.246   -0.073
  fvg                    SELL    5.5%     847   32.0%   -2.9%   -1.260   -0.088
  bos                    SELL   10.1%    1569   31.9%   -3.0%   -1.262   -0.090
  displacement           SELL    4.8%     752   31.5%   -3.4%   -1.275   -0.102
  volspike               SELL    3.8%     595   30.4%   -4.5%   -1.308   -0.135

=== Crash 300 Index
  atom                    dir   fires       n   P(2R)    lift     expR  liftExp
  displacement           SELL    9.7%    2251   32.0%   +1.3%   -0.115   +0.039
  htf_aligned             BUY   46.7%   10818   39.4%   +1.1%   +0.107   +0.033
  discount                BUY   40.8%    9455   39.4%   +1.1%   +0.106   +0.032
  sweep_high             SELL    7.0%    1617   31.7%   +1.0%   -0.123   +0.031
  bos                    SELL   13.3%    3072   31.7%   +1.0%   -0.124   +0.030
  fvg                    SELL    9.4%    2171   31.5%   +0.8%   -0.131   +0.023
  premium                SELL   39.3%    9104   31.2%   +0.5%   -0.140   +0.015
  session_london         SELL   20.9%    4840   31.1%   +0.5%   -0.140   +0.014
  htf_aligned            SELL   49.9%   11552   31.1%   +0.4%   -0.141   +0.013
  session_asia            BUY   33.3%    7727   38.7%   +0.4%   +0.085   +0.011
  wick_reject             BUY   14.7%    3396   38.6%   +0.3%   +0.085   +0.010
  session_london          BUY   20.9%    4840   38.6%   +0.3%   +0.083   +0.009
  retest                  BUY   24.0%    5553   38.3%   +0.0%   +0.075   +0.001
  _BASELINE               BUY  100.0%   23173   38.3%   +0.0%   +0.074   +0.000
  _BASELINE              SELL  100.0%   23173   30.7%   +0.0%   -0.154   +0.000
  wick_reject            SELL   15.2%    3524   30.6%   -0.1%   -0.158   -0.003
  session_ny              BUY   20.8%    4822   38.2%   -0.1%   +0.071   -0.004
  fvg                     BUY   13.4%    3116   38.1%   -0.2%   +0.068   -0.006
  sweep_low               BUY    4.6%    1072   38.1%   -0.2%   +0.067   -0.007
  retest                 SELL   22.4%    5196   30.4%   -0.3%   -0.163   -0.009
  bos                     BUY   18.6%    4305   37.9%   -0.4%   +0.063   -0.011
  session_asia           SELL   33.3%    7727   30.3%   -0.4%   -0.166   -0.011
  session_ny             SELL   20.8%    4822   30.3%   -0.4%   -0.167   -0.013
  displacement            BUY    6.7%    1559   37.8%   -0.5%   +0.061   -0.014

=== Crash 500 Index
  atom                    dir   fires       n   P(2R)    lift     expR  liftExp
  session_ny             SELL   20.8%    4822   33.7%   +2.9%   -0.037   +0.086
  sweep_low               BUY    4.0%     927   40.7%   +2.6%   +0.171   +0.078
  session_asia            BUY   33.3%    7727   39.2%   +1.1%   +0.127   +0.033
  retest                 SELL   21.9%    5081   31.3%   +0.5%   -0.109   +0.015
  premium                SELL   38.2%    8861   30.9%   +0.0%   -0.122   +0.001
  _BASELINE               BUY  100.0%   23173   38.1%   +0.0%   +0.094   +0.000
  _BASELINE              SELL  100.0%   23173   30.8%   +0.0%   -0.123   +0.000
  session_london          BUY   20.9%    4840   38.0%   -0.0%   +0.092   -0.001
  discount                BUY   41.5%    9627   37.9%   -0.1%   +0.089   -0.004
  wick_reject            SELL   14.0%    3255   30.7%   -0.2%   -0.128   -0.005
  fvg                    SELL   10.0%    2325   30.7%   -0.2%   -0.129   -0.005
  session_london         SELL   20.9%    4840   30.6%   -0.3%   -0.132   -0.009
  wick_reject             BUY   14.0%    3234   37.7%   -0.4%   +0.082   -0.011
  htf_aligned             BUY   44.1%   10208   37.6%   -0.4%   +0.081   -0.013
  htf_aligned            SELL   52.5%   12162   30.3%   -0.5%   -0.138   -0.015
  retest                  BUY   22.9%    5307   37.4%   -0.7%   +0.072   -0.021
  fvg                     BUY   15.3%    3548   37.3%   -0.8%   +0.071   -0.023
  sweep_high             SELL    6.7%    1545   30.0%   -0.8%   -0.148   -0.024
  session_asia           SELL   33.3%    7727   30.0%   -0.8%   -0.148   -0.025
  bos                     BUY   19.3%    4466   36.9%   -1.2%   +0.059   -0.035
  displacement           SELL   11.0%    2550   29.5%   -1.3%   -0.163   -0.040
  bos                    SELL   13.5%    3134   29.2%   -1.7%   -0.174   -0.050
  session_ny              BUY   20.8%    4822   35.7%   -2.4%   +0.022   -0.072
  displacement            BUY    1.9%     435   35.4%   -2.7%   +0.013   -0.080

=== Crash 1000 Index
  atom                    dir   fires       n   P(2R)    lift     expR  liftExp
  fvg                    SELL   11.5%    2663   29.3%   +1.3%   -0.190   +0.039
  bos                     BUY   24.4%    5658   44.2%   +1.0%   +0.258   +0.029
  sweep_high             SELL    6.7%    1545   28.8%   +0.8%   -0.205   +0.023
  wick_reject             BUY    8.6%    2001   44.0%   +0.8%   +0.251   +0.023
  displacement           SELL   12.6%    2917   28.7%   +0.7%   -0.208   +0.021
  fvg                     BUY   23.5%    5442   43.9%   +0.6%   +0.247   +0.018
  session_asia           SELL   33.3%    7727   28.6%   +0.6%   -0.210   +0.018
  wick_reject            SELL    8.5%    1960   28.6%   +0.5%   -0.212   +0.016
  session_ny             SELL   20.8%    4822   28.5%   +0.5%   -0.215   +0.014
  session_ny              BUY   20.8%    4822   43.4%   +0.2%   +0.234   +0.005
  _BASELINE               BUY  100.0%   23173   43.3%   +0.0%   +0.229   +0.000
  _BASELINE              SELL  100.0%   23173   28.0%   +0.0%   -0.228   +0.000
  session_asia            BUY   33.3%    7727   43.2%   -0.0%   +0.228   -0.001
  retest                  BUY   20.8%    4813   43.2%   -0.0%   +0.228   -0.001
  htf_aligned             BUY   55.0%   12752   43.2%   -0.1%   +0.225   -0.003
  session_london          BUY   20.9%    4840   43.1%   -0.1%   +0.225   -0.004
  htf_aligned            SELL   41.5%    9618   27.6%   -0.4%   -0.240   -0.012
  retest                 SELL   19.6%    4532   27.6%   -0.4%   -0.241   -0.012
  bos                    SELL   13.2%    3069   27.5%   -0.6%   -0.245   -0.017
  premium                SELL   44.0%   10198   27.3%   -0.7%   -0.249   -0.021
  session_london         SELL   20.9%    4840   26.8%   -1.2%   -0.265   -0.037
  discount                BUY   38.2%    8856   41.9%   -1.4%   +0.188   -0.041
  sweep_low               BUY    2.6%     604   41.9%   -1.4%   +0.187   -0.041

=== Jump 100 Index
  atom                    dir   fires       n   P(2R)    lift     expR  liftExp
  sweep_high             SELL    5.9%    1374   37.8%   +3.0%   +0.106   +0.090
  sweep_low               BUY    6.5%    1508   35.5%   +2.5%   +0.039   +0.075
  session_asia           SELL   33.3%    7727   36.1%   +1.3%   +0.054   +0.038
  discount                BUY   43.6%   10106   34.1%   +1.1%   -0.004   +0.032
  session_ny              BUY   20.8%    4822   34.1%   +1.0%   -0.005   +0.031
  wick_reject            SELL   17.7%    4102   35.3%   +0.5%   +0.031   +0.015
  session_london          BUY   20.9%    4840   33.5%   +0.5%   -0.022   +0.014
  premium                SELL   36.7%    8493   35.1%   +0.3%   +0.025   +0.008
  session_asia            BUY   33.3%    7727   33.2%   +0.1%   -0.033   +0.004
  wick_reject             BUY   17.5%    4044   33.1%   +0.1%   -0.033   +0.003
  _BASELINE               BUY  100.0%   23173   33.0%   +0.0%   -0.036   +0.000
  _BASELINE              SELL  100.0%   23173   34.8%   +0.0%   +0.016   +0.000
  session_london         SELL   20.9%    4840   34.6%   -0.2%   +0.011   -0.005
  retest                  BUY   23.9%    5532   32.5%   -0.6%   -0.053   -0.017
  htf_aligned            SELL   56.7%   13138   34.0%   -0.8%   -0.007   -0.023
  fvg                     BUY    8.6%    1988   32.1%   -0.9%   -0.063   -0.027
  displacement           SELL    7.1%    1642   33.6%   -1.2%   -0.019   -0.035
  htf_aligned             BUY   39.8%    9232   31.8%   -1.2%   -0.072   -0.036
  fvg                    SELL    9.2%    2121   33.4%   -1.4%   -0.024   -0.041
  bos                     BUY   13.7%    3183   31.6%   -1.4%   -0.078   -0.042
  displacement            BUY    6.7%    1548   31.5%   -1.5%   -0.081   -0.045
  session_ny             SELL   20.8%    4822   33.1%   -1.7%   -0.034   -0.050
  retest                 SELL   25.4%    5882   32.9%   -1.9%   -0.040   -0.057
  bos                    SELL   14.8%    3422   32.2%   -2.6%   -0.060   -0.077

=== Volatility 75 Index
  atom                    dir   fires       n   P(2R)    lift     expR  liftExp
  session_london          BUY   20.9%    4840   36.9%   +2.6%   +0.025   +0.078
  retest                  BUY   25.9%    6007   35.6%   +1.3%   -0.014   +0.039
  displacement            BUY    6.0%    1384   35.3%   +1.1%   -0.021   +0.032
  wick_reject             BUY   19.3%    4483   35.3%   +1.0%   -0.022   +0.031
  session_asia           SELL   33.3%    7727   33.7%   +1.0%   -0.069   +0.030
  fvg                    SELL    7.1%    1643   33.7%   +1.0%   -0.069   +0.030
  bos                    SELL   13.6%    3154   33.6%   +0.9%   -0.072   +0.027
  retest                 SELL   25.2%    5830   33.3%   +0.5%   -0.083   +0.016
  fvg                     BUY    7.4%    1704   34.7%   +0.4%   -0.040   +0.012
  _BASELINE               BUY  100.0%   23172   34.3%   +0.0%   -0.053   +0.000
  _BASELINE              SELL  100.0%   23172   32.7%   +0.0%   -0.099   +0.000
  session_ny              BUY   20.8%    4821   34.2%   -0.0%   -0.053   -0.001
  sweep_high             SELL    6.5%    1513   32.5%   -0.2%   -0.105   -0.006
  session_ny             SELL   20.8%    4821   32.5%   -0.2%   -0.106   -0.007
  wick_reject            SELL   18.9%    4389   32.5%   -0.2%   -0.106   -0.007
  htf_aligned            SELL   43.1%    9985   32.4%   -0.3%   -0.109   -0.010
  htf_aligned             BUY   53.4%   12384   33.8%   -0.5%   -0.066   -0.014
  bos                     BUY   13.9%    3219   33.8%   -0.5%   -0.068   -0.015
  premium                SELL   41.2%    9551   32.1%   -0.7%   -0.119   -0.020
  displacement           SELL    5.8%    1337   32.0%   -0.7%   -0.120   -0.021
  sweep_low               BUY    6.7%    1556   32.5%   -1.8%   -0.105   -0.053
  session_asia            BUY   33.3%    7727   32.3%   -2.0%   -0.111   -0.059
  discount                BUY   39.9%    9255   32.2%   -2.1%   -0.116   -0.063
  session_london         SELL   20.9%    4840   29.7%   -3.1%   -0.191   -0.092


============ ATOM RANKING, averaged across all symbols ============
atom                      symbols  mean liftExp  positive on
sweep_low                      24       +0.0267      16/24
discount                       24       +0.0226      15/24
premium                        24       +0.0194      16/24
sweep_high                     24       +0.0177      15/24
session_asia                   48       +0.0064      25/48
htf_aligned                    48       +0.0028      27/48
session_london                 48       +0.0003      19/48
session_ny                     48       -0.0032      23/48
wick_reject                    48       -0.0039      20/48
displacement                   47       -0.0144      24/47
fvg                            48       -0.0172      24/48
volspike                       36       -0.0213      15/36
retest                         48       -0.0269      12/48
bos                            48       -0.0367      11/48
