M15 bars, horizon 96 bars, both directions, spread charged as a fraction of R

=== BTCUSD
  spread as a fraction of R, by stop distance:
   0.5xATR=0.183R  0.75xATR=0.122R  1.0xATR=0.092R  1.5xATR=0.061R  2.0xATR=0.046R  3.0xATR=0.031R
  -- BOTH (n=46,320)   best: stop 3.0xATR / TP 0.5R -> -0.0418R  P(hit)=65.9%
    stop      0.5R     1.0R     1.5R     2.0R     2.5R     3.0R     4.0R     5.0R
    0.50    -0.344   -0.255   -0.220   -0.202   -0.192   -0.184   -0.179   -0.182
    0.75    -0.179   -0.144   -0.132   -0.127   -0.123   -0.125   -0.128   -0.117
    1.00    -0.116   -0.102   -0.096   -0.093   -0.096   -0.094   -0.089   -0.097
    1.50    -0.069   -0.067   -0.069   -0.076   -0.078   -0.088   -0.128   -0.192
    2.00    -0.053   -0.057   -0.072   -0.084   -0.111   -0.145   -0.253   -0.420
    3.00    -0.042   -0.073   -0.113   -0.184   -0.277   -0.385   -0.589   -0.706
  -- BUY (n=23,160)   best: stop 3.0xATR / TP 0.5R -> -0.0476R  P(hit)=65.5%
  -- SELL (n=23,160)   best: stop 1.0xATR / TP 5.0R -> -0.0316R  P(hit)=17.7%

=== ETHUSD
  spread as a fraction of R, by stop distance:
   0.5xATR=0.406R  0.75xATR=0.271R  1.0xATR=0.203R  1.5xATR=0.135R  2.0xATR=0.101R  3.0xATR=0.068R
  -- BOTH (n=46,320)   best: stop 3.0xATR / TP 0.5R -> -0.0864R  P(hit)=65.4%
    stop      0.5R     1.0R     1.5R     2.0R     2.5R     3.0R     4.0R     5.0R
    0.50    -0.558   -0.471   -0.435   -0.422   -0.415   -0.412   -0.412   -0.404
    0.75    -0.325   -0.290   -0.284   -0.283   -0.282   -0.276   -0.267   -0.272
    1.00    -0.223   -0.212   -0.213   -0.207   -0.200   -0.198   -0.208   -0.195
    1.50    -0.138   -0.141   -0.137   -0.139   -0.153   -0.156   -0.185   -0.270
    2.00    -0.106   -0.112   -0.120   -0.144   -0.157   -0.189   -0.304   -0.426
    3.00    -0.086   -0.115   -0.164   -0.223   -0.313   -0.401   -0.594   -0.719
  -- BUY (n=23,160)   best: stop 3.0xATR / TP 0.5R -> -0.0934R  P(hit)=64.9%
  -- SELL (n=23,160)   best: stop 3.0xATR / TP 0.5R -> -0.0793R  P(hit)=65.9%

=== SOLUSD
  spread as a fraction of R, by stop distance:
   0.5xATR=0.788R  0.75xATR=0.526R  1.0xATR=0.394R  1.5xATR=0.263R  2.0xATR=0.197R  3.0xATR=0.131R
  -- BOTH (n=46,320)   best: stop 3.0xATR / TP 0.5R -> -0.1383R  P(hit)=66.2%
    stop      0.5R     1.0R     1.5R     2.0R     2.5R     3.0R     4.0R     5.0R
    0.50    -0.950   -0.852   -0.819   -0.808   -0.804   -0.805   -0.796   -0.803
    0.75    -0.578   -0.543   -0.537   -0.541   -0.538   -0.536   -0.539   -0.537
    1.00    -0.412   -0.401   -0.405   -0.403   -0.408   -0.407   -0.406   -0.403
    1.50    -0.262   -0.266   -0.268   -0.273   -0.281   -0.281   -0.325   -0.414
    2.00    -0.196   -0.202   -0.212   -0.233   -0.246   -0.291   -0.418   -0.568
    3.00    -0.138   -0.167   -0.216   -0.287   -0.384   -0.500   -0.689   -0.817
  -- BUY (n=23,160)   best: stop 3.0xATR / TP 0.5R -> -0.1511R  P(hit)=65.4%
  -- SELL (n=23,160)   best: stop 3.0xATR / TP 0.5R -> -0.1255R  P(hit)=67.1%

=== XRPUSD
  spread as a fraction of R, by stop distance:
   0.5xATR=0.460R  0.75xATR=0.306R  1.0xATR=0.230R  1.5xATR=0.153R  2.0xATR=0.115R  3.0xATR=0.077R
  -- BOTH (n=46,320)   best: stop 3.0xATR / TP 0.5R -> -0.0841R  P(hit)=66.2%
    stop      0.5R     1.0R     1.5R     2.0R     2.5R     3.0R     4.0R     5.0R
    0.50    -0.626   -0.525   -0.488   -0.467   -0.467   -0.466   -0.467   -0.469
    0.75    -0.364   -0.324   -0.313   -0.316   -0.316   -0.320   -0.311   -0.289
    1.00    -0.253   -0.235   -0.242   -0.249   -0.248   -0.237   -0.214   -0.213
    1.50    -0.156   -0.156   -0.164   -0.160   -0.149   -0.151   -0.185   -0.266
    2.00    -0.109   -0.120   -0.126   -0.127   -0.146   -0.185   -0.315   -0.467
    3.00    -0.084   -0.109   -0.153   -0.220   -0.314   -0.429   -0.604   -0.731
  -- BUY (n=23,160)   best: stop 3.0xATR / TP 0.5R -> -0.1135R  P(hit)=64.2%
  -- SELL (n=23,160)   best: stop 3.0xATR / TP 0.5R -> -0.0546R  P(hit)=68.1%

=== US Tech 100
  spread as a fraction of R, by stop distance:
   0.5xATR=0.041R  0.75xATR=0.027R  1.0xATR=0.020R  1.5xATR=0.014R  2.0xATR=0.010R  3.0xATR=0.007R
  -- BOTH (n=31,152)   best: stop 0.75xATR / TP 5.0R -> +0.0177R  P(hit)=17.4%
    stop      0.5R     1.0R     1.5R     2.0R     2.5R     3.0R     4.0R     5.0R
    0.50    -0.203   -0.115   -0.073   -0.057   -0.047   -0.041   -0.018   +0.004
    0.75    -0.091   -0.054   -0.044   -0.038   -0.025   -0.014   +0.013   +0.018
    1.00    -0.055   -0.036   -0.030   -0.021   -0.003   +0.006   +0.014   -0.012
    1.50    -0.028   -0.024   -0.013   -0.005   -0.002   -0.012   -0.072   -0.153
    2.00    -0.023   -0.017   -0.011   -0.016   -0.049   -0.093   -0.209   -0.329
    3.00    -0.021   -0.026   -0.057   -0.140   -0.241   -0.335   -0.513   -0.670
  -- BUY (n=15,576)   best: stop 0.75xATR / TP 5.0R -> +0.0512R  P(hit)=18.0%
  -- SELL (n=15,576)   best: stop 1.0xATR / TP 4.0R -> -0.0158R  P(hit)=20.1%

=== US SP 500
  spread as a fraction of R, by stop distance:
   0.5xATR=0.095R  0.75xATR=0.063R  1.0xATR=0.047R  1.5xATR=0.032R  2.0xATR=0.024R  3.0xATR=0.016R
  -- BOTH (n=31,152)   best: stop 3.0xATR / TP 0.5R -> -0.0232R  P(hit)=66.2%
    stop      0.5R     1.0R     1.5R     2.0R     2.5R     3.0R     4.0R     5.0R
    0.50    -0.258   -0.169   -0.132   -0.119   -0.110   -0.104   -0.089   -0.081
    0.75    -0.128   -0.090   -0.080   -0.073   -0.068   -0.062   -0.059   -0.074
    1.00    -0.078   -0.063   -0.056   -0.048   -0.045   -0.043   -0.060   -0.080
    1.50    -0.043   -0.038   -0.030   -0.036   -0.048   -0.059   -0.130   -0.216
    2.00    -0.033   -0.030   -0.037   -0.053   -0.083   -0.141   -0.263   -0.385
    3.00    -0.023   -0.039   -0.080   -0.166   -0.267   -0.360   -0.541   -0.686
  -- BUY (n=15,576)   best: stop 1.5xATR / TP 3.0R -> +0.0121R  P(hit)=26.1%
  -- SELL (n=15,576)   best: stop 3.0xATR / TP 0.5R -> -0.0458R  P(hit)=64.7%

=== Germany 40
  spread as a fraction of R, by stop distance:
   0.5xATR=0.501R  0.75xATR=0.334R  1.0xATR=0.251R  1.5xATR=0.167R  2.0xATR=0.125R  3.0xATR=0.084R
  -- BOTH (n=30,786)   best: stop 3.0xATR / TP 0.5R -> -0.0802R  P(hit)=66.9%
    stop      0.5R     1.0R     1.5R     2.0R     2.5R     3.0R     4.0R     5.0R
    0.50    -0.669   -0.578   -0.539   -0.521   -0.504   -0.494   -0.483   -0.472
    0.75    -0.394   -0.359   -0.345   -0.336   -0.331   -0.325   -0.336   -0.346
    1.00    -0.278   -0.262   -0.251   -0.248   -0.252   -0.263   -0.280   -0.281
    1.50    -0.177   -0.172   -0.176   -0.188   -0.202   -0.212   -0.268   -0.344
    2.00    -0.133   -0.129   -0.150   -0.173   -0.199   -0.251   -0.374   -0.543
    3.00    -0.080   -0.110   -0.161   -0.253   -0.354   -0.469   -0.671   -0.818
  -- BUY (n=15,393)   best: stop 3.0xATR / TP 0.5R -> -0.0754R  P(hit)=67.2%
  -- SELL (n=15,393)   best: stop 3.0xATR / TP 0.5R -> -0.0851R  P(hit)=66.6%

=== Netherlands 25
  spread as a fraction of R, by stop distance:
   0.5xATR=1.056R  0.75xATR=0.704R  1.0xATR=0.528R  1.5xATR=0.352R  2.0xATR=0.264R  3.0xATR=0.176R
  -- BOTH (n=30,638)   best: stop 3.0xATR / TP 0.5R -> -0.1787R  P(hit)=66.5%
    stop      0.5R     1.0R     1.5R     2.0R     2.5R     3.0R     4.0R     5.0R
    0.50    -1.225   -1.130   -1.091   -1.076   -1.070   -1.069   -1.066   -1.055
    0.75    -0.771   -0.734   -0.721   -0.721   -0.719   -0.724   -0.715   -0.731
    1.00    -0.562   -0.547   -0.549   -0.556   -0.555   -0.554   -0.566   -0.586
    1.50    -0.367   -0.366   -0.370   -0.371   -0.387   -0.401   -0.449   -0.566
    2.00    -0.269   -0.275   -0.282   -0.304   -0.338   -0.385   -0.536   -0.687
    3.00    -0.179   -0.200   -0.261   -0.338   -0.449   -0.558   -0.757   -0.917
  -- BUY (n=15,319)   best: stop 3.0xATR / TP 0.5R -> -0.1742R  P(hit)=66.8%
  -- SELL (n=15,319)   best: stop 3.0xATR / TP 0.5R -> -0.1833R  P(hit)=66.2%

=== Hong Kong 50
  spread as a fraction of R, by stop distance:
   0.5xATR=1.083R  0.75xATR=0.722R  1.0xATR=0.541R  1.5xATR=0.361R  2.0xATR=0.271R  3.0xATR=0.180R
  -- BOTH (n=29,166)   best: stop 3.0xATR / TP 0.5R -> -0.1869R  P(hit)=66.2%
    stop      0.5R     1.0R     1.5R     2.0R     2.5R     3.0R     4.0R     5.0R
    0.50    -1.258   -1.180   -1.152   -1.139   -1.129   -1.118   -1.124   -1.125
    0.75    -0.800   -0.766   -0.756   -0.744   -0.748   -0.751   -0.755   -0.755
    1.00    -0.582   -0.569   -0.558   -0.565   -0.565   -0.568   -0.565   -0.559
    1.50    -0.382   -0.380   -0.382   -0.386   -0.381   -0.378   -0.407   -0.465
    2.00    -0.287   -0.286   -0.288   -0.288   -0.296   -0.323   -0.429   -0.603
    3.00    -0.187   -0.198   -0.212   -0.262   -0.351   -0.482   -0.694   -0.845
  -- BUY (n=14,583)   best: stop 3.0xATR / TP 0.5R -> -0.1858R  P(hit)=66.3%
  -- SELL (n=14,583)   best: stop 3.0xATR / TP 0.5R -> -0.1881R  P(hit)=66.2%

=== EURUSD
  spread as a fraction of R, by stop distance:
   0.5xATR=0.414R  0.75xATR=0.276R  1.0xATR=0.207R  1.5xATR=0.138R  2.0xATR=0.103R  3.0xATR=0.069R
  -- BOTH (n=32,806)   best: stop 3.0xATR / TP 0.5R -> -0.0605R  P(hit)=67.2%
    stop      0.5R     1.0R     1.5R     2.0R     2.5R     3.0R     4.0R     5.0R
    0.50    -0.589   -0.489   -0.444   -0.427   -0.414   -0.417   -0.431   -0.454
    0.75    -0.341   -0.297   -0.283   -0.282   -0.291   -0.305   -0.321   -0.331
    1.00    -0.233   -0.215   -0.212   -0.221   -0.242   -0.248   -0.265   -0.287
    1.50    -0.145   -0.143   -0.164   -0.179   -0.193   -0.207   -0.247   -0.319
    2.00    -0.104   -0.109   -0.136   -0.157   -0.185   -0.220   -0.341   -0.498
    3.00    -0.061   -0.100   -0.151   -0.228   -0.327   -0.429   -0.649   -0.770
  -- BUY (n=16,403)   best: stop 3.0xATR / TP 0.5R -> -0.0988R  P(hit)=64.7%
  -- SELL (n=16,403)   best: stop 3.0xATR / TP 0.5R -> -0.0223R  P(hit)=69.8%

=== GBPUSD
  spread as a fraction of R, by stop distance:
   0.5xATR=0.337R  0.75xATR=0.225R  1.0xATR=0.169R  1.5xATR=0.112R  2.0xATR=0.084R  3.0xATR=0.056R
  -- BOTH (n=32,806)   best: stop 3.0xATR / TP 0.5R -> -0.0369R  P(hit)=68.0%
    stop      0.5R     1.0R     1.5R     2.0R     2.5R     3.0R     4.0R     5.0R
    0.50    -0.512   -0.412   -0.370   -0.349   -0.338   -0.336   -0.345   -0.378
    0.75    -0.287   -0.245   -0.231   -0.228   -0.235   -0.253   -0.300   -0.328
    1.00    -0.195   -0.178   -0.176   -0.189   -0.217   -0.240   -0.279   -0.300
    1.50    -0.122   -0.119   -0.143   -0.173   -0.198   -0.217   -0.277   -0.375
    2.00    -0.081   -0.089   -0.124   -0.156   -0.190   -0.243   -0.376   -0.476
    3.00    -0.037   -0.087   -0.148   -0.245   -0.357   -0.446   -0.631   -0.749
  -- BUY (n=16,403)   best: stop 3.0xATR / TP 0.5R -> -0.0600R  P(hit)=66.4%
  -- SELL (n=16,403)   best: stop 3.0xATR / TP 0.5R -> -0.0137R  P(hit)=69.5%

=== USDJPY
  spread as a fraction of R, by stop distance:
   0.5xATR=0.433R  0.75xATR=0.289R  1.0xATR=0.217R  1.5xATR=0.144R  2.0xATR=0.108R  3.0xATR=0.072R
  -- BOTH (n=32,806)   best: stop 3.0xATR / TP 0.5R -> -0.0698R  P(hit)=66.8%
    stop      0.5R     1.0R     1.5R     2.0R     2.5R     3.0R     4.0R     5.0R
    0.50    -0.590   -0.497   -0.457   -0.435   -0.422   -0.418   -0.417   -0.423
    0.75    -0.351   -0.310   -0.295   -0.286   -0.287   -0.291   -0.317   -0.342
    1.00    -0.247   -0.228   -0.217   -0.221   -0.231   -0.252   -0.280   -0.317
    1.50    -0.158   -0.152   -0.166   -0.187   -0.206   -0.229   -0.320   -0.422
    2.00    -0.117   -0.120   -0.144   -0.180   -0.235   -0.300   -0.451   -0.573
    3.00    -0.070   -0.107   -0.187   -0.305   -0.427   -0.535   -0.661   -0.743
  -- BUY (n=16,403)   best: stop 3.0xATR / TP 0.5R -> -0.0587R  P(hit)=67.6%
  -- SELL (n=16,403)   best: stop 3.0xATR / TP 0.5R -> -0.0809R  P(hit)=66.1%

=== GBPJPY
  spread as a fraction of R, by stop distance:
   0.5xATR=0.378R  0.75xATR=0.252R  1.0xATR=0.189R  1.5xATR=0.126R  2.0xATR=0.095R  3.0xATR=0.063R
  -- BOTH (n=32,806)   best: stop 3.0xATR / TP 0.5R -> -0.0662R  P(hit)=66.5%
    stop      0.5R     1.0R     1.5R     2.0R     2.5R     3.0R     4.0R     5.0R
    0.50    -0.543   -0.448   -0.417   -0.404   -0.401   -0.396   -0.395   -0.393
    0.75    -0.310   -0.276   -0.269   -0.264   -0.262   -0.264   -0.276   -0.286
    1.00    -0.209   -0.199   -0.192   -0.196   -0.196   -0.202   -0.225   -0.251
    1.50    -0.133   -0.133   -0.139   -0.144   -0.163   -0.185   -0.266   -0.383
    2.00    -0.100   -0.101   -0.111   -0.144   -0.192   -0.265   -0.420   -0.530
    3.00    -0.066   -0.095   -0.173   -0.290   -0.411   -0.512   -0.674   -0.811
  -- BUY (n=16,403)   best: stop 3.0xATR / TP 0.5R -> -0.0531R  P(hit)=67.3%
  -- SELL (n=16,403)   best: stop 3.0xATR / TP 0.5R -> -0.0793R  P(hit)=65.6%

=== EURGBP
  spread as a fraction of R, by stop distance:
   0.5xATR=1.332R  0.75xATR=0.888R  1.0xATR=0.666R  1.5xATR=0.444R  2.0xATR=0.333R  3.0xATR=0.222R
  -- BOTH (n=32,806)   best: stop 3.0xATR / TP 0.5R -> -0.2198R  P(hit)=66.8%
    stop      0.5R     1.0R     1.5R     2.0R     2.5R     3.0R     4.0R     5.0R
    0.50    -1.500   -1.416   -1.381   -1.379   -1.379   -1.379   -1.374   -1.375
    0.75    -0.954   -0.919   -0.921   -0.922   -0.921   -0.921   -0.932   -0.978
    1.00    -0.688   -0.682   -0.686   -0.687   -0.687   -0.699   -0.776   -0.850
    1.50    -0.445   -0.451   -0.453   -0.471   -0.531   -0.593   -0.722   -0.852
    2.00    -0.333   -0.338   -0.362   -0.445   -0.530   -0.621   -0.790   -0.916
    3.00    -0.220   -0.264   -0.402   -0.553   -0.682   -0.794   -0.945   -1.033
  -- BUY (n=16,403)   best: stop 3.0xATR / TP 0.5R -> -0.3278R  P(hit)=59.6%
  -- SELL (n=16,403)   best: stop 3.0xATR / TP 1.0R -> -0.1116R  P(hit)=55.5%

=== USDCHF
  spread as a fraction of R, by stop distance:
   0.5xATR=0.755R  0.75xATR=0.503R  1.0xATR=0.377R  1.5xATR=0.252R  2.0xATR=0.189R  3.0xATR=0.126R
  -- BOTH (n=32,802)   best: stop 3.0xATR / TP 0.5R -> -0.1146R  P(hit)=67.4%
    stop      0.5R     1.0R     1.5R     2.0R     2.5R     3.0R     4.0R     5.0R
    0.50    -0.922   -0.822   -0.776   -0.751   -0.735   -0.728   -0.729   -0.730
    0.75    -0.571   -0.526   -0.504   -0.494   -0.493   -0.501   -0.523   -0.550
    1.00    -0.413   -0.388   -0.374   -0.377   -0.389   -0.407   -0.439   -0.479
    1.50    -0.269   -0.257   -0.266   -0.291   -0.317   -0.348   -0.410   -0.472
    2.00    -0.197   -0.194   -0.222   -0.261   -0.316   -0.367   -0.467   -0.615
    3.00    -0.115   -0.151   -0.239   -0.336   -0.421   -0.529   -0.740   -0.877
  -- BUY (n=16,401)   best: stop 3.0xATR / TP 0.5R -> -0.1268R  P(hit)=66.6%
  -- SELL (n=16,401)   best: stop 3.0xATR / TP 0.5R -> -0.1024R  P(hit)=68.2%

=== AUDUSD
  spread as a fraction of R, by stop distance:
   0.5xATR=0.478R  0.75xATR=0.318R  1.0xATR=0.239R  1.5xATR=0.159R  2.0xATR=0.119R  3.0xATR=0.080R
  -- BOTH (n=32,778)   best: stop 3.0xATR / TP 0.5R -> -0.0769R  P(hit)=66.8%
    stop      0.5R     1.0R     1.5R     2.0R     2.5R     3.0R     4.0R     5.0R
    0.50    -0.646   -0.546   -0.504   -0.481   -0.470   -0.462   -0.457   -0.466
    0.75    -0.381   -0.339   -0.326   -0.314   -0.307   -0.315   -0.338   -0.346
    1.00    -0.269   -0.249   -0.236   -0.230   -0.239   -0.257   -0.268   -0.300
    1.50    -0.172   -0.165   -0.168   -0.184   -0.199   -0.220   -0.290   -0.366
    2.00    -0.132   -0.125   -0.145   -0.167   -0.202   -0.251   -0.363   -0.512
    3.00    -0.077   -0.106   -0.159   -0.237   -0.340   -0.443   -0.693   -0.858
  -- BUY (n=16,389)   best: stop 3.0xATR / TP 0.5R -> -0.1039R  P(hit)=65.0%
  -- SELL (n=16,389)   best: stop 3.0xATR / TP 0.5R -> -0.0499R  P(hit)=68.6%

=== XAUUSD
  spread as a fraction of R, by stop distance:
   0.5xATR=0.123R  0.75xATR=0.082R  1.0xATR=0.062R  1.5xATR=0.041R  2.0xATR=0.031R  3.0xATR=0.021R
  -- BOTH (n=31,066)   best: stop 3.0xATR / TP 0.5R -> -0.0267R  P(hit)=66.3%
    stop      0.5R     1.0R     1.5R     2.0R     2.5R     3.0R     4.0R     5.0R
    0.50    -0.288   -0.194   -0.156   -0.145   -0.134   -0.130   -0.123   -0.119
    0.75    -0.141   -0.102   -0.096   -0.091   -0.091   -0.086   -0.084   -0.080
    1.00    -0.083   -0.070   -0.069   -0.072   -0.068   -0.063   -0.059   -0.043
    1.50    -0.045   -0.045   -0.045   -0.043   -0.045   -0.037   -0.046   -0.115
    2.00    -0.031   -0.036   -0.031   -0.032   -0.035   -0.064   -0.167   -0.293
    3.00    -0.027   -0.039   -0.068   -0.122   -0.205   -0.293   -0.479   -0.637
  -- BUY (n=15,533)   best: stop 3.0xATR / TP 0.5R -> -0.0564R  P(hit)=64.3%
  -- SELL (n=15,533)   best: stop 1.0xATR / TP 5.0R -> +0.0291R  P(hit)=18.2%

=== XAGUSD
  spread as a fraction of R, by stop distance:
   0.5xATR=0.311R  0.75xATR=0.207R  1.0xATR=0.155R  1.5xATR=0.104R  2.0xATR=0.078R  3.0xATR=0.052R
  -- BOTH (n=31,064)   best: stop 3.0xATR / TP 0.5R -> -0.0624R  P(hit)=66.0%
    stop      0.5R     1.0R     1.5R     2.0R     2.5R     3.0R     4.0R     5.0R
    0.50    -0.477   -0.382   -0.351   -0.330   -0.315   -0.307   -0.297   -0.281
    0.75    -0.269   -0.231   -0.217   -0.210   -0.205   -0.192   -0.169   -0.169
    1.00    -0.181   -0.166   -0.160   -0.153   -0.143   -0.129   -0.128   -0.136
    1.50    -0.114   -0.108   -0.098   -0.094   -0.101   -0.110   -0.144   -0.207
    2.00    -0.086   -0.081   -0.082   -0.097   -0.120   -0.154   -0.255   -0.384
    3.00    -0.062   -0.069   -0.110   -0.177   -0.264   -0.359   -0.549   -0.717
  -- BUY (n=15,532)   best: stop 3.0xATR / TP 0.5R -> -0.1049R  P(hit)=63.1%
  -- SELL (n=15,532)   best: stop 2.0xATR / TP 1.5R -> -0.0076R  P(hit)=42.8%

=== XPTUSD
  spread as a fraction of R, by stop distance:
   0.5xATR=2.440R  0.75xATR=1.627R  1.0xATR=1.220R  1.5xATR=0.813R  2.0xATR=0.610R  3.0xATR=0.407R
  -- BOTH (n=31,054)   best: stop 3.0xATR / TP 0.5R -> -0.3995R  P(hit)=67.1%
    stop      0.5R     1.0R     1.5R     2.0R     2.5R     3.0R     4.0R     5.0R
    0.50    -2.612   -2.514   -2.474   -2.465   -2.461   -2.465   -2.473   -2.485
    0.75    -1.689   -1.653   -1.647   -1.654   -1.661   -1.667   -1.672   -1.679
    1.00    -1.243   -1.230   -1.239   -1.250   -1.254   -1.259   -1.275   -1.288
    1.50    -0.810   -0.817   -0.828   -0.836   -0.853   -0.867   -0.944   -1.087
    2.00    -0.600   -0.612   -0.626   -0.653   -0.685   -0.760   -0.949   -1.124
    3.00    -0.400   -0.427   -0.490   -0.609   -0.752   -0.876   -1.093   -1.229
  -- BUY (n=15,527)   best: stop 3.0xATR / TP 0.5R -> -0.4378R  P(hit)=64.6%
  -- SELL (n=15,527)   best: stop 3.0xATR / TP 1.0R -> -0.3608R  P(hit)=52.3%

=== Crash 300 Index
  spread as a fraction of R, by stop distance:
   0.5xATR=0.149R  0.75xATR=0.099R  1.0xATR=0.074R  1.5xATR=0.050R  2.0xATR=0.037R  3.0xATR=0.025R
  -- BOTH (n=46,346)   best: stop 0.75xATR / TP 5.0R -> -0.0129R  P(hit)=18.1%
    stop      0.5R     1.0R     1.5R     2.0R     2.5R     3.0R     4.0R     5.0R
    0.50    -0.342   -0.201   -0.143   -0.105   -0.077   -0.053   -0.027   -0.014
    0.75    -0.180   -0.113   -0.078   -0.052   -0.037   -0.028   -0.016   -0.013
    1.00    -0.119   -0.080   -0.052   -0.040   -0.033   -0.026   -0.021   -0.028
    1.50    -0.078   -0.050   -0.042   -0.033   -0.029   -0.035   -0.054   -0.122
    2.00    -0.056   -0.038   -0.029   -0.028   -0.038   -0.059   -0.179   -0.372
    3.00    -0.033   -0.028   -0.043   -0.092   -0.199   -0.335   -0.606   -0.815
  -- BUY (n=23,173)   best: stop 0.5xATR / TP 5.0R -> +0.2052R  P(hit)=22.6%
  -- SELL (n=23,173)   best: stop 3.0xATR / TP 1.0R -> -0.0687R  P(hit)=47.8%

=== Crash 500 Index
  spread as a fraction of R, by stop distance:
   0.5xATR=0.097R  0.75xATR=0.065R  1.0xATR=0.049R  1.5xATR=0.032R  2.0xATR=0.024R  3.0xATR=0.016R
  -- BOTH (n=46,346)   best: stop 0.5xATR / TP 5.0R -> +0.0567R  P(hit)=19.2%
    stop      0.5R     1.0R     1.5R     2.0R     2.5R     3.0R     4.0R     5.0R
    0.50    -0.301   -0.152   -0.075   -0.050   -0.013   +0.008   +0.036   +0.057
    0.75    -0.167   -0.080   -0.046   -0.026   -0.008   +0.006   +0.017   +0.023
    1.00    -0.106   -0.059   -0.033   -0.015   -0.002   -0.004   -0.000   +0.002
    1.50    -0.058   -0.033   -0.016   -0.016   -0.014   -0.021   -0.039   -0.069
    2.00    -0.043   -0.025   -0.024   -0.026   -0.033   -0.059   -0.131   -0.267
    3.00    -0.025   -0.019   -0.032   -0.078   -0.146   -0.247   -0.520   -0.764
  -- BUY (n=23,173)   best: stop 0.5xATR / TP 5.0R -> +0.3029R  P(hit)=23.3%
  -- SELL (n=23,173)   best: stop 3.0xATR / TP 1.5R -> -0.0171R  P(hit)=40.0%

=== Crash 1000 Index
  spread as a fraction of R, by stop distance:
   0.5xATR=0.139R  0.75xATR=0.093R  1.0xATR=0.069R  1.5xATR=0.046R  2.0xATR=0.035R  3.0xATR=0.023R
  -- BOTH (n=46,346)   best: stop 0.5xATR / TP 5.0R -> +0.1617R  P(hit)=21.7%
    stop      0.5R     1.0R     1.5R     2.0R     2.5R     3.0R     4.0R     5.0R
    0.50    -0.377   -0.197   -0.115   -0.049   +0.017   +0.056   +0.120   +0.162
    0.75    -0.240   -0.127   -0.058   -0.011   +0.026   +0.047   +0.082   +0.110
    1.00    -0.164   -0.088   -0.037   +0.000   +0.025   +0.038   +0.070   +0.099
    1.50    -0.103   -0.050   -0.019   +0.003   +0.021   +0.038   +0.065   +0.059
    2.00    -0.075   -0.036   -0.014   +0.008   +0.023   +0.033   +0.005   -0.056
    3.00    -0.049   -0.024   -0.007   -0.004   -0.038   -0.088   -0.268   -0.484
  -- BUY (n=23,173)   best: stop 0.5xATR / TP 5.0R -> +0.6335R  P(hit)=29.5%
  -- SELL (n=23,173)   best: stop 3.0xATR / TP 1.0R -> -0.1343R  P(hit)=44.4%

=== Jump 100 Index
  spread as a fraction of R, by stop distance:
   0.5xATR=0.054R  0.75xATR=0.036R  1.0xATR=0.027R  1.5xATR=0.018R  2.0xATR=0.014R  3.0xATR=0.009R
  -- BOTH (n=46,346)   best: stop 0.5xATR / TP 4.0R -> +0.0184R  P(hit)=21.5%
    stop      0.5R     1.0R     1.5R     2.0R     2.5R     3.0R     4.0R     5.0R
    0.50    -0.218   -0.105   -0.050   -0.023   -0.004   +0.007   +0.018   +0.012
    0.75    -0.099   -0.047   -0.021   -0.011   -0.003   -0.004   -0.014   -0.012
    1.00    -0.060   -0.029   -0.013   -0.010   -0.014   -0.020   -0.019   -0.025
    1.50    -0.033   -0.018   -0.018   -0.021   -0.017   -0.026   -0.046   -0.126
    2.00    -0.023   -0.015   -0.014   -0.020   -0.032   -0.056   -0.214   -0.421
    3.00    -0.009   -0.013   -0.040   -0.107   -0.236   -0.396   -0.668   -0.867
  -- BUY (n=23,173)   best: stop 0.5xATR / TP 3.0R -> -0.0013R  P(hit)=26.3%
  -- SELL (n=23,173)   best: stop 0.5xATR / TP 5.0R -> +0.0447R  P(hit)=18.3%

=== Volatility 75 Index
  spread as a fraction of R, by stop distance:
   0.5xATR=0.161R  0.75xATR=0.108R  1.0xATR=0.081R  1.5xATR=0.054R  2.0xATR=0.040R  3.0xATR=0.027R
  -- BOTH (n=46,344)   best: stop 2.0xATR / TP 2.0R -> -0.0284R  P(hit)=33.7%
    stop      0.5R     1.0R     1.5R     2.0R     2.5R     3.0R     4.0R     5.0R
    0.50    -0.334   -0.206   -0.162   -0.146   -0.143   -0.144   -0.140   -0.134
    0.75    -0.150   -0.111   -0.105   -0.099   -0.096   -0.096   -0.094   -0.095
    1.00    -0.095   -0.081   -0.080   -0.076   -0.072   -0.074   -0.068   -0.057
    1.50    -0.058   -0.054   -0.047   -0.050   -0.041   -0.035   -0.063   -0.155
    2.00    -0.043   -0.041   -0.037   -0.028   -0.042   -0.079   -0.231   -0.444
    3.00    -0.030   -0.035   -0.057   -0.138   -0.264   -0.421   -0.705   -0.893
  -- BUY (n=23,172)   best: stop 2.0xATR / TP 2.5R -> +0.0049R  P(hit)=29.9%
  -- SELL (n=23,172)   best: stop 3.0xATR / TP 0.5R -> -0.0396R  P(hit)=65.8%


================ SUMMARY: optimal geometry per symbol ================
symbol                  side   stop    TP   P(hit)   cost R    exp R
Crash 1000 Index        BOTH   0.50   5.0    21.7%    0.139  +0.1617
Crash 500 Index         BOTH   0.50   5.0    19.2%    0.097  +0.0567
Jump 100 Index          BOTH   0.50   4.0    21.5%    0.054  +0.0184
US Tech 100             BOTH   0.75   5.0    17.4%    0.027  +0.0177
Crash 300 Index         BOTH   0.75   5.0    18.1%    0.099  -0.0129
US SP 500               BOTH   3.00   0.5    66.2%    0.016  -0.0232
XAUUSD                  BOTH   3.00   0.5    66.3%    0.021  -0.0267
Volatility 75 Index     BOTH   2.00   2.0    33.7%    0.040  -0.0284
GBPUSD                  BOTH   3.00   0.5    68.0%    0.056  -0.0369
BTCUSD                  BOTH   3.00   0.5    65.9%    0.031  -0.0418
EURUSD                  BOTH   3.00   0.5    67.2%    0.069  -0.0605
XAGUSD                  BOTH   3.00   0.5    66.0%    0.052  -0.0624
GBPJPY                  BOTH   3.00   0.5    66.5%    0.063  -0.0662
USDJPY                  BOTH   3.00   0.5    66.8%    0.072  -0.0698
AUDUSD                  BOTH   3.00   0.5    66.8%    0.080  -0.0769
Germany 40              BOTH   3.00   0.5    66.9%    0.084  -0.0802
XRPUSD                  BOTH   3.00   0.5    66.2%    0.077  -0.0841
ETHUSD                  BOTH   3.00   0.5    65.4%    0.068  -0.0864
USDCHF                  BOTH   3.00   0.5    67.4%    0.126  -0.1146
SOLUSD                  BOTH   3.00   0.5    66.2%    0.131  -0.1383
Netherlands 25          BOTH   3.00   0.5    66.5%    0.176  -0.1787
Hong Kong 50            BOTH   3.00   0.5    66.2%    0.180  -0.1869
EURGBP                  BOTH   3.00   0.5    66.8%    0.222  -0.2198
XPTUSD                  BOTH   3.00   0.5    67.1%    0.407  -0.3995

-- directional detail (BUY vs SELL best) --
AUDUSD                   BUY   3.00   0.5    65.0%  -0.1039
AUDUSD                  SELL   3.00   0.5    68.6%  -0.0499
BTCUSD                   BUY   3.00   0.5    65.5%  -0.0476
BTCUSD                  SELL   1.00   5.0    17.7%  -0.0316
Crash 1000 Index         BUY   0.50   5.0    29.5%  +0.6335
Crash 1000 Index        SELL   3.00   1.0    44.4%  -0.1343
Crash 300 Index          BUY   0.50   5.0    22.6%  +0.2052
Crash 300 Index         SELL   3.00   1.0    47.8%  -0.0687
Crash 500 Index          BUY   0.50   5.0    23.3%  +0.3029
Crash 500 Index         SELL   3.00   1.5    40.0%  -0.0171
ETHUSD                   BUY   3.00   0.5    64.9%  -0.0934
ETHUSD                  SELL   3.00   0.5    65.9%  -0.0793
EURGBP                   BUY   3.00   0.5    59.6%  -0.3278
EURGBP                  SELL   3.00   1.0    55.5%  -0.1116
EURUSD                   BUY   3.00   0.5    64.7%  -0.0988
EURUSD                  SELL   3.00   0.5    69.8%  -0.0223
GBPJPY                   BUY   3.00   0.5    67.3%  -0.0531
GBPJPY                  SELL   3.00   0.5    65.6%  -0.0793
GBPUSD                   BUY   3.00   0.5    66.4%  -0.0600
GBPUSD                  SELL   3.00   0.5    69.5%  -0.0137
Germany 40               BUY   3.00   0.5    67.2%  -0.0754
Germany 40              SELL   3.00   0.5    66.6%  -0.0851
Hong Kong 50             BUY   3.00   0.5    66.3%  -0.1858
Hong Kong 50            SELL   3.00   0.5    66.2%  -0.1881
Jump 100 Index           BUY   0.50   3.0    26.3%  -0.0013
Jump 100 Index          SELL   0.50   5.0    18.3%  +0.0447
Netherlands 25           BUY   3.00   0.5    66.8%  -0.1742
Netherlands 25          SELL   3.00   0.5    66.2%  -0.1833
SOLUSD                   BUY   3.00   0.5    65.4%  -0.1511
SOLUSD                  SELL   3.00   0.5    67.1%  -0.1255
US SP 500                BUY   1.50   3.0    26.1%  +0.0121
US SP 500               SELL   3.00   0.5    64.7%  -0.0458
US Tech 100              BUY   0.75   5.0    18.0%  +0.0512
US Tech 100             SELL   1.00   4.0    20.1%  -0.0158
USDCHF                   BUY   3.00   0.5    66.6%  -0.1268
USDCHF                  SELL   3.00   0.5    68.2%  -0.1024
USDJPY                   BUY   3.00   0.5    67.6%  -0.0587
USDJPY                  SELL   3.00   0.5    66.1%  -0.0809
Volatility 75 Index      BUY   2.00   2.5    29.9%  +0.0049
Volatility 75 Index     SELL   3.00   0.5    65.8%  -0.0396
XAGUSD                   BUY   3.00   0.5    63.1%  -0.1049
XAGUSD                  SELL   2.00   1.5    42.8%  -0.0076
XAUUSD                   BUY   3.00   0.5    64.3%  -0.0564
XAUUSD                  SELL   1.00   5.0    18.2%  +0.0291
XPTUSD                   BUY   3.00   0.5    64.6%  -0.4378
XPTUSD                  SELL   3.00   1.0    52.3%  -0.3608
XRPUSD                   BUY   3.00   0.5    64.2%  -0.1135
XRPUSD                  SELL   3.00   0.5    68.1%  -0.0546
