======================================================================================================================
BROKER: Deriv   —   $10,000 per cell, 1% risk
======================================================================================================================
symbol              strategy             RR  sig trades         P&L    ret%     WR     PF  maxDD%  dayDD%  Sharpe Sortino
AUDUSD              APA                 2.0   11     11    $+316.97    3.17  45.5%   1.51    2.14    2.19    2.89   10.13
AUDUSD              BiasIFVG            3.0    8      8    $+140.98    1.41  37.5%   1.28    2.12    1.12    1.52   98.38
AUDUSD              CRT                 3.0    9      9    $-109.28   -1.09  33.3%   0.82    5.47    1.10   -1.32   -6.83
AUDUSD              HTFFVGFlip          5.0    1      1    $+490.83    4.91 100.0%    inf    0.00    4.91     n/a     n/a
AUDUSD              NYOpenRetest        3.0   15     15    $-129.26   -1.29  26.7%   0.91    4.40    1.13   -0.78  -62.99
AUDUSD              VWAP                2.0   19     19    $-928.88   -9.29  21.1%   0.42   11.22    1.14   -6.98 -188.84
BTCUSD              APA                 5.0   18     18    $+717.53    7.18  44.4%   1.73    3.22    1.32    3.71   83.04
BTCUSD              BiasIFVG            5.0   12     11    $+247.22    2.47  54.5%   1.39    3.07    2.61    1.79    5.76
BTCUSD              CRT                 3.0    6      6    $-466.33   -4.66  16.7%   0.38    7.27    2.04   -7.24  -28.73
BTCUSD              NYOpenRetest        4.0   16     16    $+726.86    7.27  31.2%   1.61    4.43    1.16    2.99  234.39
BTCUSD              VWAP                2.0   25     25    $-178.60   -1.79  32.0%   0.91    7.81    1.12   -0.80   -5.45
Crash 1000 Index    APA                 3.0   10     10    $-607.82   -6.08  10.0%   0.33    8.80    1.96   -8.15  -30.75
Crash 1000 Index    BiasIFVG            2.0   16     16    $-156.51   -1.57  31.2%   0.87    4.24    1.05   -1.21 -102.04
Crash 1000 Index    CRT                 5.0   26     26  $+1,337.55   13.38  26.9%   1.64    6.39    1.39    2.85   73.53
Crash 1000 Index    DriftJumpAlpha      5.0  168     62  $+3,801.52   38.02  33.9%   1.82   14.49    4.50    3.72   20.47
Crash 1000 Index    HTFFVGFlip          2.0    2      2    $-206.10   -2.06   0.0%   0.00    2.06    1.05     n/a     n/a
Crash 1000 Index    NYOpenRetest        3.0   11     11    $+392.65    3.93  36.4%   1.53    3.28    1.16    2.81  131.66
Crash 1000 Index    VWAP                4.0   27     27    $-344.74   -3.45  18.5%   0.87   10.84    1.07   -1.05  -71.36
Crash 300 Index     APA                 3.0   13     12    $-426.76   -4.27  16.7%   0.59    7.87    2.06   -3.85  -13.86
Crash 300 Index     BiasIFVG            2.0   14     12     $-56.78   -0.57  33.3%   0.95    7.02    1.94   -0.53   -2.33
Crash 300 Index     CRT                 2.0   26     26    $-796.27   -7.96  26.9%   0.62    9.77    1.15   -3.74  -93.43
Crash 300 Index     DriftJumpAlpha      4.0  163     62    $-540.60   -5.41  22.6%   0.91   21.80    3.21   -0.87   -6.48
Crash 300 Index     NYOpenRetest        2.0   19     19    $-545.87   -5.46  26.3%   0.64   10.26    1.15   -3.39  -95.06
Crash 300 Index     VWAP                4.0   27     27    $-378.93   -3.79  18.5%   0.85    8.11    1.10   -1.16  -60.16
Crash 500 Index     APA                 2.0    9      8     $+81.20    0.81  37.5%   1.18    3.00    1.02    1.47     n/a
Crash 500 Index     BiasIFVG            2.0   12     11     $+68.86    0.69  36.4%   1.11    4.97    2.00    0.68    2.27
Crash 500 Index     CRT                 3.0   23     23    $+266.67    2.67  30.4%   1.17    8.87    1.17    0.98   45.01
Crash 500 Index     DriftJumpAlpha      2.0  161     64    $-338.65   -3.39  34.4%   0.93   14.40    4.44   -0.67   -1.83
Crash 500 Index     NYOpenRetest        2.0   11     11    $+626.33    6.26  54.5%   2.14    2.22    1.16    5.61  235.24
Crash 500 Index     VWAP                4.0   27     27    $-349.33   -3.49  18.5%   0.87   13.56    1.05   -1.16  -45.40
ETHUSD              APA                 2.0   22     22    $-233.59   -2.34  31.8%   0.86    5.60    2.16   -1.29   -3.90
ETHUSD              BiasIFVG            3.0   13     12    $+522.62    5.23  50.0%   1.77    3.36    2.40    3.78     n/a
ETHUSD              CRT                 3.0    9      9    $-383.22   -3.83  33.3%   0.69    8.92    2.69   -3.03  -10.63
ETHUSD              HTFFVGFlip          2.0    1      1    $+112.71    1.13 100.0%    inf    0.00    1.13     n/a     n/a
ETHUSD              NYOpenRetest        2.0   16     16  $-1,013.38  -10.13  25.0%   0.41   12.44    3.03   -6.94  -17.64
ETHUSD              VWAP                5.0   27     27  $+1,290.17   12.90  37.0%   1.66    7.47    1.38    2.95  118.86
EURGBP              APA                 3.0   14     14    $+176.61    1.77  42.9%   1.25    2.51    2.15    2.02     n/a
EURGBP              BiasIFVG            2.0   12     11     $+54.24    0.54  45.5%   1.10    3.65    1.11    0.59    4.97
EURGBP              CRT                 2.0    9      9    $-443.29   -4.43  33.3%   0.22    5.62    1.07  -10.44  -33.80
EURGBP              HTFFVGFlip          2.0    1      1     $-29.17   -0.29   0.0%   0.00    0.29    0.29     n/a     n/a
EURGBP              NYOpenRetest        3.0   17     17    $-635.94   -6.36  23.5%   0.52    9.42    1.10   -4.94  -29.30
EURGBP              VWAP                2.0    5      5    $-213.06   -2.13  40.0%   0.13    2.44    1.08  -10.85     n/a
EURUSD              APA                 5.0    6      6    $+251.48    2.51  33.3%   1.61    2.17    1.13    2.65     n/a
EURUSD              BiasIFVG            5.0    6      5    $+788.47    7.88  60.0%   4.73    1.06    1.09     n/a     n/a
EURUSD              CRT                 5.0   14     14    $-523.25   -5.23  21.4%   0.56    9.21    1.07   -3.99 -219.28
EURUSD              HTFFVGFlip          5.0    2      2    $+376.31    3.76  50.0%   4.50    1.09    1.09     n/a     n/a
EURUSD              NYOpenRetest        2.0   15     15    $+149.96    1.50  40.0%   1.17    3.51    1.17    1.05   43.53
EURUSD              VWAP                5.0   11     11     $+60.99    0.61  36.4%   1.10    5.08    1.12    0.46   40.96
GBPJPY              APA                 2.0   11     11    $+557.91    5.58  54.5%   2.14    2.69    1.22    5.25   30.85
GBPJPY              BiasIFVG            2.0   15     14    $-299.55   -3.00  28.6%   0.70    7.58    2.26   -2.54   -6.04
GBPJPY              CRT                 2.0    5      5     $+50.99    0.51  40.0%   1.17    2.13    1.12    1.00     n/a
GBPJPY              HTFFVGFlip          2.0    3      3    $-197.51   -1.98  33.3%   0.07    2.13    1.08     n/a     n/a
GBPJPY              NYOpenRetest        2.0   20     20    $+553.36    5.53  45.0%   1.51    6.54    1.11    3.06   14.46
GBPJPY              VWAP                5.0   12     12    $-100.72   -1.01  25.0%   0.91    6.81    1.11   -0.70  -10.80
GBPUSD              APA                 3.0   12     12    $+524.41    5.24  41.7%   1.71    2.15    1.15    3.49  299.36
GBPUSD              BiasIFVG            4.0    5      4     $+64.09    0.64  25.0%   1.23    2.12    1.10     n/a     n/a
GBPUSD              CRT                 2.0    8      8    $-827.09   -8.27   0.0%   0.00    8.27    1.07 -600.59 -600.59
GBPUSD              HTFFVGFlip          2.0    2      2    $-211.29   -2.11   0.0%   0.00    2.11    1.08     n/a     n/a
GBPUSD              NYOpenRetest        3.0   14     14    $-450.56   -4.51  21.4%   0.62    7.85    1.11   -3.54 -122.66
GBPUSD              VWAP                2.0   17     17    $-916.54   -9.17  23.5%   0.29   10.29    1.07   -9.69  -51.65
Germany 40          APA                 3.0    6      6    $-137.64   -1.38  16.7%   0.67    4.01    1.04   -2.41   -8.12
Germany 40          BiasIFVG            2.0   13     13    $+208.68    2.09  46.2%   1.34    3.25    2.08    1.88    3.85
Germany 40          CRT                 5.0    6      6    $+551.85    5.52  33.3%   2.32    3.20    1.16    4.69     n/a
Germany 40          HTFFVGFlip          4.0    2      2    $+232.02    2.32  50.0%   3.30    1.02    1.02     n/a     n/a
Germany 40          NYOpenRetest        4.0   13     13    $+276.99    2.77  30.8%   1.32    4.66    1.04    1.60  260.26
Germany 40          VWAP                4.0   28     28    $+636.91    6.37  25.0%   1.33    7.90    1.14    1.60   25.87
Hong Kong 50        APA                 2.0    4      4    $+304.16    3.04  75.0%   3.98    1.02    1.02     n/a     n/a
Hong Kong 50        BiasIFVG            2.0   10     10    $+659.45    6.59  60.0%   2.53    3.18    1.09    6.94     n/a
Hong Kong 50        CRT                 2.0    1      1    $-125.28   -1.25   0.0%   0.00    1.25    1.25     n/a     n/a
Hong Kong 50        NYOpenRetest        4.0   23     23    $+302.78    3.03  26.1%   1.18    9.86    1.28    0.96   31.88
Hong Kong 50        VWAP                2.0   27     27  $+2,500.61   25.01  66.7%   3.26    3.26    1.35    9.61  170.39
Jump 100 Index      APA                 2.0   17     17    $-234.87   -2.35  29.4%   0.82    6.94    3.05   -1.58   -4.14
Jump 100 Index      BiasIFVG            2.0   11     10    $+162.03    1.62  40.0%   1.28    4.01    1.11    1.61  121.86
Jump 100 Index      CRT                 2.0   27     27    $-533.37   -5.33  29.6%   0.75    7.64    1.09   -2.34 -100.68
Jump 100 Index      HTFFVGFlip          2.0    2      2    $-205.82   -2.06   0.0%   0.00    2.06    1.04     n/a     n/a
Jump 100 Index      NYOpenRetest        3.0   14     14    $+498.83    4.99  35.7%   1.54    4.24    1.16    2.80  158.25
Jump 100 Index      VWAP                2.0   27     27    $+444.38    4.44  40.7%   1.28    6.22    1.19    1.71   58.51
Netherlands 25      APA                 2.0   10      9    $-245.29   -2.45  44.4%   0.26    2.45    1.07   -8.47  -12.31
Netherlands 25      BiasIFVG            2.0    8      8     $-73.96   -0.74  62.5%   0.63    1.03    1.03   -2.61     n/a
Netherlands 25      CRT                 2.0    5      5    $-114.22   -1.14  20.0%   0.21    1.44    0.82   -8.82     n/a
Netherlands 25      NYOpenRetest        3.0   17     17    $-760.62   -7.61  29.4%   0.38    7.61    1.05   -6.73 -343.01
Netherlands 25      VWAP                2.0   27     27    $-474.88   -4.75  37.0%   0.62    7.27    1.06   -3.14   -7.18
SOLUSD              APA                 5.0   14     13  $+1,884.99   18.85  61.5%   4.43    2.75    1.65    7.83   45.96
SOLUSD              BiasIFVG            2.0   12     12     $-75.71   -0.76  33.3%   0.92    4.63    2.30   -0.70   -1.68
SOLUSD              CRT                 2.0   10     10  $-1,038.24  -10.38  20.0%   0.20   10.61    1.90  -13.74  -60.48
SOLUSD              NYOpenRetest        3.0   16     16     $+17.89    0.18  37.5%   1.03    9.38    1.88    0.09    0.64
SOLUSD              VWAP                2.0   27     27    $-608.49   -6.08  37.0%   0.73   10.65    1.39   -2.57  -30.38
US SP 500           APA                 3.0   15     14    $-249.75   -2.50  21.4%   0.79    6.93    1.92   -1.75  -10.48
US SP 500           BiasIFVG            3.0    9      8    $-411.11   -4.11  12.5%   0.42    6.90    1.05   -5.76 -400.12
US SP 500           CRT                 2.0    8      8    $-236.74   -2.37  25.0%   0.63    3.24    1.06   -3.44 -229.61
US SP 500           HTFFVGFlip          4.0    2      2    $+195.71    1.96  50.0%   2.92    1.03    1.03     n/a     n/a
US SP 500           NYOpenRetest        4.0   17     17  $+1,242.09   12.42  35.3%   2.07    5.09    1.20    4.50  201.85
US SP 500           VWAP                3.0   27     27    $+437.91    4.38  33.3%   1.25    7.18    1.12    1.43   58.94
US Tech 100         APA                 5.0   14     13    $-177.75   -1.78  23.1%   0.83    9.03    4.20   -1.05   -2.57
US Tech 100         BiasIFVG            3.0    8      8    $+279.98    2.80  37.5%   1.64    2.00    1.05    3.01   23.82
US Tech 100         CRT                 5.0   12     12    $-155.94   -1.56  16.7%   0.87    6.23    1.02   -1.02 -103.92
US Tech 100         HTFFVGFlip          5.0    2      2    $+390.84    3.91  50.0%   4.87    1.02    1.08     n/a     n/a
US Tech 100         NYOpenRetest        3.0   20     20  $+2,545.99   25.46  55.0%   3.54    3.02    1.26    8.96  192.25
US Tech 100         VWAP                5.0   28     28     $+84.96    0.85  28.6%   1.07    9.82    1.09    0.25    2.16
USDCHF              APA                 3.0    6      5    $+282.58    2.83  60.0%   2.36    1.05    1.09    5.32     n/a
USDCHF              BiasIFVG            2.0    7      7     $-67.67   -0.68  42.9%   0.85    3.58    1.10   -1.20     n/a
USDCHF              CRT                 2.0   10     10    $-744.50   -7.44  10.0%   0.20    8.22    1.08  -12.65 -431.45
USDCHF              HTFFVGFlip          2.0    2      2    $-207.02   -2.07   0.0%   0.00    2.07    1.04     n/a     n/a
USDCHF              NYOpenRetest        5.0   16     16     $+34.89    0.35  18.8%   1.06    9.20    1.12    0.15    9.63
USDCHF              VWAP                2.0   22     22  $-1,445.92  -14.46  13.6%   0.23   15.09    1.12  -12.48  -64.44
USDJPY              APA                 5.0   10     10    $+497.55    4.98  40.0%   1.95    2.15    2.30    3.79   11.98
USDJPY              BiasIFVG            2.0   10      9     $+27.03    0.27  44.4%   1.06    4.21    2.18    0.34     n/a
USDJPY              CRT                 2.0   13     13    $-513.15   -5.13  23.1%   0.53    5.33    1.09   -4.89 -303.04
USDJPY              NYOpenRetest        5.0   16     16     $+70.82    0.71  18.8%   1.08    6.46    1.19    0.30    3.04
USDJPY              VWAP                5.0   16     16    $+345.59    3.46  25.0%   1.31   10.54    1.26    1.35   14.37
Volatility 75 Index APA                 4.0    7      7    $+211.01    2.11  42.9%   1.54    2.76    1.07    2.58     n/a
Volatility 75 Index BiasIFVG            4.0    6      5    $+825.04    8.25  60.0%   4.97    1.03    1.11   10.12     n/a
Volatility 75 Index CRT                 5.0   26     26  $+2,037.20   20.37  30.8%   1.99    5.40    1.34    4.03  186.80
Volatility 75 Index HTFFVGFlip          5.0    1      1    $+495.97    4.96 100.0%    inf    0.00    4.96     n/a     n/a
Volatility 75 Index NYOpenRetest        2.0   15     15    $-411.15   -4.11  26.7%   0.66    4.42    1.10   -3.22 -147.03
Volatility 75 Index VWAP                5.0   27     27    $+580.45    5.80  22.2%   1.29    8.16    1.09    1.42  101.63
XAGUSD              APA                 3.0    9      9    $-266.79   -2.67  22.2%   0.64    4.48    1.06   -3.68 -354.99
XAGUSD              BiasIFVG            2.0    8      8    $-811.86   -8.12   0.0%   0.00    8.12    2.01  -48.97  -48.97
XAGUSD              CRT                 2.0   10     10     $-12.02   -0.12  40.0%   1.00    2.48    1.37   -0.12   -2.16
XAGUSD              HTFFVGFlip          2.0    1      1    $-113.06   -1.13   0.0%   0.00    1.13    1.13     n/a     n/a
XAGUSD              NYOpenRetest        2.0   19     19      $+8.64    0.09  36.8%   1.02    5.63    1.24    0.05    1.35
XAGUSD              VWAP                4.0   28     28  $+2,540.98   25.41  42.9%   2.32    7.76    1.42    5.59  164.78
XAUUSD              APA                 5.0    7      7    $+131.70    1.32  28.6%   1.29    2.98    2.03    1.35     n/a
XAUUSD              BiasIFVG            2.0   11     10    $-302.10   -3.02  30.0%   0.58    3.94    1.02   -4.81 -411.09
XAUUSD              CRT                 2.0    7      7    $+485.37    4.85  57.1%   2.56    2.06    1.09    6.67     n/a
XAUUSD              HTFFVGFlip          2.0    2      2    $-200.43   -2.00   0.0%   0.00    2.00    1.00     n/a     n/a
XAUUSD              NYOpenRetest        2.0   17     17    $-522.99   -5.23  23.5%   0.60    7.96    1.01   -3.97 -199.51
XAUUSD              VWAP                2.0   28     28    $+138.03    1.38  35.7%   1.09    4.96    1.04    0.54   48.34
XPTUSD              APA                 3.0    9      9    $+365.08    3.65  44.4%   1.58    3.90    1.39    3.14  141.85
XPTUSD              BiasIFVG            3.0    8      8    $+300.63    3.01  50.0%   1.63    2.49    1.29    3.02     n/a
XPTUSD              CRT                 4.0    7      7  $-1,157.53  -11.58  14.3%   0.15   11.58    2.94  -15.38  -61.83
XPTUSD              HTFFVGFlip          2.0    2      2    $-259.90   -2.60   0.0%   0.00    2.60    1.45     n/a     n/a
XPTUSD              NYOpenRetest        4.0   13     13    $-578.74   -5.79  23.1%   0.62    9.77    1.73   -3.49  -46.10
XPTUSD              VWAP                4.0   29     29  $+1,259.81   12.60  41.4%   1.46   10.66    2.05    2.66   32.88
XRPUSD              APA                 4.0   12     12    $+209.87    2.10  33.3%   1.32    4.19    1.26    1.80   13.27
XRPUSD              BiasIFVG            5.0   13     12    $-568.30   -5.68  16.7%   0.47    5.68    1.97   -4.81  -29.12
XRPUSD              CRT                 2.0    9      9    $-297.88   -2.98  33.3%   0.65    4.31    1.56   -3.35  -39.33
XRPUSD              HTFFVGFlip          2.0    1      1    $-118.26   -1.18   0.0%   0.00    1.18    1.18     n/a     n/a
XRPUSD              NYOpenRetest        2.0   14     14    $-260.88   -2.61  35.7%   0.78    5.42    1.54   -1.96  -16.11
XRPUSD              VWAP                5.0   27     27    $-972.90   -9.73  14.8%   0.62   13.96    1.15   -3.22 -108.25
----------------------------------------------------------------------------------------------------------------------
CUMULATIVE                             2269   1943 $+10,725.19   cells 69/140 profitable   mean maxDD 5.50%
  signals generated 2,269 | accepted 1,943 | rejected 325  {'too_soon': 325, 'daily_cap': 0, 'bad_stop': 0}

  TOP 10 BY P&L (Deriv)
    Crash 1000 Index   DriftJumpAlpha   1:5.0  $+3,801.52  DD 14.49%  n= 62  WR 33.9%  PF 1.82
    US Tech 100        NYOpenRetest     1:3.0  $+2,545.99  DD  3.02%  n= 20  WR 55.0%  PF 3.54
    XAGUSD             VWAP             1:4.0  $+2,540.98  DD  7.76%  n= 28  WR 42.9%  PF 2.32
    Hong Kong 50       VWAP             1:2.0  $+2,500.61  DD  3.26%  n= 27  WR 66.7%  PF 3.26
    Volatility 75 Inde CRT              1:5.0  $+2,037.20  DD  5.40%  n= 26  WR 30.8%  PF 1.99
    SOLUSD             APA              1:5.0  $+1,884.99  DD  2.75%  n= 13  WR 61.5%  PF 4.43
    Crash 1000 Index   CRT              1:5.0  $+1,337.55  DD  6.39%  n= 26  WR 26.9%  PF 1.64
    ETHUSD             VWAP             1:5.0  $+1,290.17  DD  7.47%  n= 27  WR 37.0%  PF 1.66
    XPTUSD             VWAP             1:4.0  $+1,259.81  DD 10.66%  n= 29  WR 41.4%  PF 1.46
    US SP 500          NYOpenRetest     1:4.0  $+1,242.09  DD  5.09%  n= 17  WR 35.3%  PF 2.07

  WORST 5 (Deriv)
    USDCHF             VWAP             1:2.0  $-1,445.92  DD 15.09%  n= 22  WR 13.6%  PF 0.23
    XPTUSD             CRT              1:4.0  $-1,157.53  DD 11.58%  n=  7  WR 14.3%  PF 0.15
    SOLUSD             CRT              1:2.0  $-1,038.24  DD 10.61%  n= 10  WR 20.0%  PF 0.20
    ETHUSD             NYOpenRetest     1:2.0  $-1,013.38  DD 12.44%  n= 16  WR 25.0%  PF 0.41
    XRPUSD             VWAP             1:5.0    $-972.90  DD 13.96%  n= 27  WR 14.8%  PF 0.62

  PER-STRATEGY ROLLUP (Deriv)
    strategy              cells  trades          P&L  profitable
    APA                      24     259   $+3,932.79      15/24
    VWAP                     24     565   $+3,407.81      12/24
    DriftJumpAlpha            3     188   $+2,922.27       1/3
    NYOpenRetest             24     384   $+2,138.67      14/24
    BiasIFVG                 24     232   $+1,525.78      14/24
    HTFFVGFlip               17      29     $+545.84       7/17
    CRT                      24     286   $-3,747.96       6/24

======================================================================================================================
BROKER: FundedNext   —   $10,000 per cell, 1% risk
======================================================================================================================
symbol              strategy             RR  sig trades         P&L    ret%     WR     PF  maxDD%  dayDD%  Sharpe Sortino
AUDUSD              APA                 2.0   13     13    $+116.56    1.17  38.5%   1.16    3.06    2.04    0.96    4.06
AUDUSD              BiasIFVG            3.0    6      5     $+94.62    0.95  40.0%   1.33    2.04    1.06    1.65     n/a
AUDUSD              CRT                 3.0   10     10    $+216.12    2.16  40.0%   1.41    3.44    1.06    2.02   13.20
AUDUSD              HTFFVGFlip          5.0    1      1    $+496.67    4.97 100.0%    inf    0.00    4.97     n/a     n/a
AUDUSD              NYOpenRetest        3.0   15     15     $-22.33   -0.22  26.7%   1.00    4.10    1.07   -0.13  -12.62
AUDUSD              VWAP                3.0   18     18    $-815.36   -8.15  16.7%   0.47   11.06    1.05   -5.81 -220.66
BTCUSD              APA                 2.0   16     14    $+748.17    7.48  57.1%   2.17    1.25    1.10    7.07   22.72
BTCUSD              BiasIFVG            5.0   10     10    $+759.67    7.60  60.0%   2.74    2.21    1.19    5.78     n/a
BTCUSD              CRT                 2.0    4      4    $-466.25   -4.66   0.0%   0.00    4.66    1.37     n/a     n/a
BTCUSD              HTFFVGFlip          2.0    2      2     $+88.87    0.89  50.0%   1.88    1.03    1.05     n/a     n/a
BTCUSD              NYOpenRetest        2.0   17     17    $-395.35   -3.95  29.4%   0.72   11.84    1.16   -2.77  -52.66
BTCUSD              VWAP                2.0   27     27      $-7.98   -0.08  37.0%   1.01    8.44    1.16   -0.03   -1.05
ETHUSD              APA                 2.0   22     22    $+583.34    5.83  45.5%   1.50    4.65    2.02    3.94   14.53
ETHUSD              BiasIFVG            2.0    7      7     $+58.82    0.59  42.9%   1.16    3.27    2.09    0.90     n/a
ETHUSD              CRT                 4.0    6      6    $+812.17    8.12  50.0%   3.24    2.33    1.32    7.54     n/a
ETHUSD              HTFFVGFlip          2.0    1      1    $-104.18   -1.04   0.0%   0.00    1.04    1.04     n/a     n/a
ETHUSD              NYOpenRetest        2.0   17     17    $-642.60   -6.43  23.5%   0.54    8.85    1.12   -4.86 -102.59
ETHUSD              VWAP                5.0   27     27  $+1,906.39   19.06  37.0%   2.03    5.14    1.29    4.17  107.85
EURGBP              APA                 3.0   19     18    $-378.00   -3.78  38.9%   0.66    5.31    2.10   -3.88   -6.51
EURGBP              BiasIFVG            2.0    6      6     $-91.54   -0.92  50.0%   0.72    2.79    1.09   -2.02     n/a
EURGBP              CRT                 2.0    9      9    $-560.33   -5.60  22.2%   0.16    6.63    1.06  -13.68  -47.77
EURGBP              NYOpenRetest        3.0   17     17    $-611.14   -6.11  23.5%   0.54    9.43    1.11   -4.65  -28.29
EURGBP              VWAP                2.0    5      5     $-78.39   -0.78  40.0%   0.38    1.08    1.08   -4.41     n/a
EURUSD              APA                 5.0    5      5    $+405.44    4.05  40.0%   2.37    2.01    1.06    4.73     n/a
EURUSD              BiasIFVG            3.0    6      5     $+37.96    0.38  40.0%   1.15    2.01    1.02    0.70     n/a
EURUSD              CRT                 4.0   13     13    $-646.35   -6.46  15.4%   0.41   10.06    1.01   -6.10 -263.66
EURUSD              HTFFVGFlip          5.0    1      1    $+499.17    4.99 100.0%    inf    0.00    4.99     n/a     n/a
EURUSD              NYOpenRetest        2.0   15     15    $+586.46    5.86  46.7%   1.73    2.99    1.09    3.92  140.22
EURUSD              VWAP                5.0   10     10    $+127.35    1.27  40.0%   1.24    4.70    1.04    1.03  126.49
GBPJPY              APA                 3.0    7      7    $-132.10   -1.32  28.6%   0.74    3.71    1.15   -1.96  -12.31
GBPJPY              BiasIFVG            2.0   12     11    $-206.50   -2.06  36.4%   0.73    5.38    2.17   -2.20   -7.34
GBPJPY              CRT                 5.0    4      4    $+153.95    1.54  25.0%   1.51    2.13    1.13     n/a     n/a
GBPJPY              HTFFVGFlip          2.0    3      3    $-191.41   -1.91  33.3%   0.12    2.17    1.09     n/a     n/a
GBPJPY              NYOpenRetest        2.0   20     20    $+813.83    8.14  50.0%   1.77    5.52    1.13    4.36   46.08
GBPJPY              VWAP                5.0   12     12    $-331.27   -3.31  16.7%   0.69    6.98    1.09   -2.37  -65.33
GBPUSD              APA                 2.0   10     10    $+378.14    3.78  50.0%   1.74    2.07    1.07    4.58     n/a
GBPUSD              BiasIFVG            3.0    9      8    $+184.76    1.85  37.5%   1.46    2.94    1.16    2.20     n/a
GBPUSD              CRT                 4.0    8      8    $-332.44   -3.32  12.5%   0.55    7.01    1.03   -3.98 -293.46
GBPUSD              HTFFVGFlip          2.0    2      2    $-204.58   -2.05   0.0%   0.00    2.05    1.03     n/a     n/a
GBPUSD              NYOpenRetest        3.0   15     15    $-501.11   -5.01  20.0%   0.60    7.74    1.05   -3.80 -182.90
GBPUSD              VWAP                2.0   16     16    $-852.61   -8.53  18.8%   0.32    8.53    1.04   -8.54  -58.76
GER30               APA                 5.0   12     12    $+680.91    6.81  41.7%   1.96    3.06    2.12    4.41   22.75
GER30               BiasIFVG            4.0   18     17    $+173.45    1.73  29.4%   1.17   10.71    2.08    0.81    5.50
GER30               CRT                 5.0   14     14    $+853.17    8.53  28.6%   1.80    5.23    1.28    3.39  138.43
GER30               HTFFVGFlip          2.0    1      1    $-101.50   -1.01   0.0%   0.00    1.01    1.01     n/a     n/a
GER30               NYOpenRetest        2.0   24     24     $+29.70    0.30  37.5%   1.03    5.50    1.05    0.14   13.50
GER30               VWAP                3.0   46     46  $+1,181.04   11.81  32.6%   1.37    8.03    1.25    2.02   45.38
HK50                APA                 5.0    6      6     $-38.26   -0.38  16.7%   0.95    4.07    1.07   -0.42  -59.45
HK50                BiasIFVG            2.0   18     17  $+1,170.07   11.70  58.8%   2.47    2.15    1.22    7.11  208.07
HK50                CRT                 2.0    4      4    $-250.29   -2.50  25.0%   0.38    2.81    1.45     n/a     n/a
HK50                NYOpenRetest        4.0   30     30    $+803.05    8.03  30.0%   1.33   10.10    1.53    1.84   36.28
HK50                VWAP                2.0   39     39  $+1,776.58   17.77  53.8%   1.80    5.41    1.64    4.63   49.18
JP225               APA                 5.0    8      8    $+806.58    8.07  37.5%   2.61    2.97    1.11    5.38  963.59
JP225               BiasIFVG            4.0    9      7    $+296.78    2.97  57.1%   2.01    2.66    1.06    3.90     n/a
JP225               CRT                 2.0    8      8    $+397.80    3.98  50.0%   2.00    1.99    1.03    4.87     n/a
JP225               HTFFVGFlip          5.0    1      1    $+500.00    5.00 100.0%    inf    0.00    5.00     n/a     n/a
JP225               NYOpenRetest        5.0   18     18    $+559.66    5.60  22.2%   1.43    4.90    1.10    1.87  123.83
JP225               VWAP                2.0   28     28    $+798.54    7.99  42.9%   1.50    6.79    1.16    2.76   92.45
NDX100              APA                 5.0   16     15    $-678.60   -6.79  13.3%   0.46   11.86    4.10   -4.56   -9.37
NDX100              BiasIFVG            4.0   11     10    $+351.60    3.52  40.0%   1.66    3.44    1.54    2.88   28.33
NDX100              CRT                 4.0   11     11    $-648.66   -6.49   9.1%   0.36    6.49    1.03   -6.88 -405.23
NDX100              HTFFVGFlip          5.0    2      2    $+387.59    3.88  50.0%   4.77    1.04    1.09     n/a     n/a
NDX100              NYOpenRetest        3.0   19     19  $+2,141.48   21.41  52.6%   3.15    3.06    1.23    8.07  205.67
NDX100              VWAP                3.0   28     28      $-4.33   -0.04  32.1%   1.02    9.48    1.10   -0.01   -0.63
NTH25               APA                 2.0   12     12    $-922.14   -9.22  16.7%   0.04    9.22    1.11  -23.30  -41.36
NTH25               BiasIFVG            2.0   18     18     $-46.75   -0.47  55.6%   0.92    2.64    1.07   -0.63   -1.40
NTH25               CRT                 2.0   15     15    $-345.26   -3.45  26.7%   0.38    3.96    1.04   -6.21   -9.62
NTH25               HTFFVGFlip          2.0    3      3    $-137.77   -1.38  33.3%   0.35    1.38    1.06     n/a     n/a
NTH25               NYOpenRetest        3.0   31     31  $-1,483.37  -14.83  16.1%   0.40   14.83    1.10   -6.73  -28.60
NTH25               VWAP                2.0   48     48  $-1,234.83  -12.35  29.2%   0.59   14.44    1.11   -3.76  -11.99
SPX500              APA                 3.0   14     14    $-259.08   -2.59  21.4%   0.78    5.98    2.07   -1.80   -9.39
SPX500              BiasIFVG            3.0   11     11    $-146.33   -1.46  27.3%   0.84    3.16    1.04   -1.41   -7.06
SPX500              CRT                 5.0    8      8    $+328.12    3.28  25.0%   1.55    3.18    1.13    2.36  190.27
SPX500              HTFFVGFlip          2.0    1      1    $-103.95   -1.04   0.0%   0.00    1.04    1.04     n/a     n/a
SPX500              NYOpenRetest        4.0   16     16    $+771.26    7.71  31.2%   1.67    5.20    1.21    3.12  144.20
SPX500              VWAP                4.0   28     28    $+691.94    6.92  32.1%   1.37    5.80    1.21    1.81   52.91
UK100               APA                 5.0   21     19    $-966.19   -9.66  15.8%   0.41    9.66    1.95   -6.49  -34.80
UK100               BiasIFVG            4.0    9      9    $+176.26    1.76  33.3%   1.31    3.83    2.06    1.47    8.11
UK100               CRT                 2.0    8      8    $-301.85   -3.02  25.0%   0.56    4.80    1.15   -4.31 -373.95
UK100               HTFFVGFlip          3.0    3      3     $+72.54    0.73  33.3%   1.36    2.16    1.11     n/a     n/a
UK100               NYOpenRetest        2.0   16     16    $-676.13   -6.76  25.0%   0.48    7.54    1.15   -5.71 -172.62
UK100               VWAP                4.0   30     30    $+283.11    2.83  26.7%   1.14    9.45    1.32    0.68   24.48
UKOUSD              APA                 3.0   15     15    $-335.95   -3.36  20.0%   0.71    5.23    1.97   -2.76   -8.22
UKOUSD              BiasIFVG            5.0   13     13  $+1,759.78   17.60  61.5%   4.32    2.97    1.12    9.21  569.27
UKOUSD              CRT                 4.0   10     10    $+484.47    4.84  30.0%   1.71    4.90    1.06    3.18  324.97
UKOUSD              HTFFVGFlip          2.0    3      3    $+299.96    3.00  66.7%   4.00    1.00    1.02     n/a     n/a
UKOUSD              NYOpenRetest        5.0   18     18  $+1,199.64   12.00  27.8%   1.92    4.90    1.13    3.67  182.77
UKOUSD              VWAP                2.0   31     31  $+1,806.76   18.07  51.6%   2.13    3.94    1.17    5.76  152.97
US30                APA                 4.0   11     11    $+134.43    1.34  36.4%   1.21    3.37    2.09    1.00    4.88
US30                BiasIFVG            4.0    7      7    $-219.26   -2.19  14.3%   0.65    4.96    2.01   -2.80  -12.67
US30                CRT                 5.0   10     10    $+136.37    1.36  20.0%   1.20    4.06    1.11    0.86   72.72
US30                HTFFVGFlip          3.0    2      2    $+146.73    1.47  50.0%   2.47    1.02    1.02     n/a     n/a
US30                NYOpenRetest        2.0   22     22    $+489.56    4.90  40.9%   1.40    3.10    1.10    2.36   15.65
US30                VWAP                4.0   26     26    $-985.41   -9.85  23.1%   0.51   11.97    1.06   -4.29 -166.53
USDCHF              APA                 3.0    6      5    $+471.43    4.71  60.0%   3.26    2.07    1.07    7.42     n/a
USDCHF              BiasIFVG            2.0    9      9    $-474.84   -4.75  22.2%   0.35    4.75    2.09   -7.53  -21.99
USDCHF              CRT                 2.0   10     10    $-738.28   -7.38  10.0%   0.20    8.17    1.07  -12.55 -433.49
USDCHF              HTFFVGFlip          2.0    1      1    $-102.79   -1.03   0.0%   0.00    1.03    1.03     n/a     n/a
USDCHF              NYOpenRetest        5.0   16     16     $+47.66    0.48  18.8%   1.07    9.14    1.11    0.20   13.78
USDCHF              VWAP                2.0   21     21  $-1,371.17  -13.71  14.3%   0.23   14.07    1.11  -12.37  -72.69
USDJPY              APA                 2.0   12     12    $-177.17   -1.77  33.3%   0.79    5.49    3.07   -1.75   -3.48
USDJPY              BiasIFVG            2.0    5      5    $-308.21   -3.08  20.0%   0.24    3.08    2.01     n/a     n/a
USDJPY              CRT                 2.0   13     13    $-144.37   -1.44  30.8%   0.86    5.02    1.06   -1.23  -90.34
USDJPY              NYOpenRetest        3.0   17     17    $+305.06    3.05  29.4%   1.28    4.18    1.06    1.55   12.61
USDJPY              VWAP                5.0   15     15     $-33.61   -0.34  20.0%   1.00    8.95    1.12   -0.16   -1.32
USOUSD              APA                 4.0    7      7     $-44.54   -0.45  28.6%   0.93    4.90    2.07   -0.54     n/a
USOUSD              BiasIFVG            4.0    9      9  $+1,510.99   15.11  77.8%   8.16    1.99    1.00   14.71     n/a
USOUSD              CRT                 2.0    8      8    $+712.88    7.13  62.5%   3.33    2.97    1.04    8.89     n/a
USOUSD              HTFFVGFlip          2.0    2      2    $-199.00   -1.99   0.0%   0.00    1.99    1.00     n/a     n/a
USOUSD              NYOpenRetest        5.0   18     18  $+1,199.64   12.00  27.8%   1.92    2.97    1.13    3.75  250.08
USOUSD              VWAP                5.0   30     30  $+1,843.73   18.44  26.7%   1.82    8.65    1.23    3.29  133.08
XAGUSD              APA                 2.0    7      7    $-432.34   -4.32  14.3%   0.31    5.16    1.06  -14.85 -602.22
XAGUSD              BiasIFVG            3.0   11     11     $-14.06   -0.14  27.3%   1.00    5.25    2.21   -0.13   -0.48
XAGUSD              CRT                 2.0    9      9    $-297.18   -2.97  33.3%   0.63    3.68    1.60   -3.55  -34.36
XAGUSD              HTFFVGFlip          2.0    1      1    $-121.99   -1.22   0.0%   0.00    1.22    1.22     n/a     n/a
XAGUSD              NYOpenRetest        2.0   19     19    $-118.58   -1.19  36.8%   0.93    6.15    1.36   -0.67  -12.91
XAGUSD              VWAP                4.0   28     28  $+2,317.14   23.17  42.9%   2.14    5.21    1.52    5.24  113.97
XAUUSD              APA                 5.0    8      8     $+21.06    0.21  25.0%   1.06    3.01    2.05    0.22     n/a
XAUUSD              BiasIFVG            2.0   13     11    $-314.81   -3.15  27.3%   0.57    4.05    1.03   -4.00  -14.04
XAUUSD              CRT                 2.0    8      8    $+344.40    3.44  50.0%   1.81    3.21    1.19    4.13     n/a
XAUUSD              HTFFVGFlip          2.0    2      2    $-203.05   -2.03   0.0%   0.00    2.03    1.02     n/a     n/a
XAUUSD              NYOpenRetest        2.0   17     17    $-838.74   -8.39  17.6%   0.40   10.96    1.05   -7.22 -211.89
XAUUSD              VWAP                5.0   28     28    $+216.00    2.16  21.4%   1.12    8.00    1.07    0.56   37.37
XPTUSD              APA                 3.0    9      9    $-855.33   -8.55  11.1%   0.22    8.55    2.81  -11.59  -30.42
XPTUSD              BiasIFVG            3.0    9      9    $-346.69   -3.47  33.3%   0.60    5.81    1.78   -3.94  -27.25
XPTUSD              CRT                 2.0    7      7  $-1,686.24  -16.86   0.0%   0.00   16.86    3.37  -44.70  -44.70
XPTUSD              HTFFVGFlip          2.0    2      2    $-326.84   -3.27   0.0%   0.00    3.27    2.07     n/a     n/a
XPTUSD              NYOpenRetest        2.0   13     13  $-1,159.45  -11.59  30.8%   0.24   12.41    2.00  -11.23  -60.25
XPTUSD              VWAP                3.0   28     28     $-70.30   -0.70  46.4%   0.99   10.29    2.20   -0.20   -1.56
XRPUSD              APA                 2.0   15     15    $-231.94   -2.32  33.3%   0.78    4.95    2.29   -1.81   -6.19
XRPUSD              BiasIFVG            3.0   11     10    $-336.07   -3.36  20.0%   0.64    6.62    2.22   -3.28  -13.93
XRPUSD              CRT                 5.0    7      7    $+187.17    1.87  28.6%   1.30    3.88    1.55    1.47   24.68
XRPUSD              NYOpenRetest        2.0   16     16    $-830.85   -8.31  25.0%   0.44    8.31    1.50   -6.48  -44.69
XRPUSD              VWAP                5.0   27     27    $-303.75   -3.04  22.2%   0.90   12.87    1.20   -0.86  -33.90
----------------------------------------------------------------------------------------------------------------------
CUMULATIVE                             1768   1749 $+10,394.60   cells 64/134 profitable   mean maxDD 5.19%
  signals generated 1,768 | accepted 1,749 | rejected 19  {'too_soon': 19, 'daily_cap': 0, 'bad_stop': 0}

  TOP 10 BY P&L (FundedNext)
    XAGUSD             VWAP             1:4.0  $+2,317.14  DD  5.21%  n= 28  WR 42.9%  PF 2.14
    NDX100             NYOpenRetest     1:3.0  $+2,141.48  DD  3.06%  n= 19  WR 52.6%  PF 3.15
    ETHUSD             VWAP             1:5.0  $+1,906.39  DD  5.14%  n= 27  WR 37.0%  PF 2.03
    USOUSD             VWAP             1:5.0  $+1,843.73  DD  8.65%  n= 30  WR 26.7%  PF 1.82
    UKOUSD             VWAP             1:2.0  $+1,806.76  DD  3.94%  n= 31  WR 51.6%  PF 2.13
    HK50               VWAP             1:2.0  $+1,776.58  DD  5.41%  n= 39  WR 53.8%  PF 1.80
    UKOUSD             BiasIFVG         1:5.0  $+1,759.78  DD  2.97%  n= 13  WR 61.5%  PF 4.32
    USOUSD             BiasIFVG         1:4.0  $+1,510.99  DD  1.99%  n=  9  WR 77.8%  PF 8.16
    USOUSD             NYOpenRetest     1:5.0  $+1,199.64  DD  2.97%  n= 18  WR 27.8%  PF 1.92
    UKOUSD             NYOpenRetest     1:5.0  $+1,199.64  DD  4.90%  n= 18  WR 27.8%  PF 1.92

  WORST 5 (FundedNext)
    XPTUSD             CRT              1:2.0  $-1,686.24  DD 16.86%  n=  7  WR  0.0%  PF 0.00
    NTH25              NYOpenRetest     1:3.0  $-1,483.37  DD 14.83%  n= 31  WR 16.1%  PF 0.40
    USDCHF             VWAP             1:2.0  $-1,371.17  DD 14.07%  n= 21  WR 14.3%  PF 0.23
    NTH25              VWAP             1:2.0  $-1,234.83  DD 14.44%  n= 48  WR 29.2%  PF 0.59
    XPTUSD             NYOpenRetest     1:2.0  $-1,159.45  DD 12.41%  n= 13  WR 30.8%  PF 0.24

  PER-STRATEGY ROLLUP (FundedNext)
    strategy              cells  trades          P&L  profitable
    VWAP                     23     596   $+6,859.58      11/23
    BiasIFVG                 23     225   $+4,069.68      12/23
    NYOpenRetest             23     426   $+1,667.36      12/23
    HTFFVGFlip               19      34     $+694.45       8/19
    APA                      23     264   $-1,105.59      10/23
    CRT                      23     204   $-1,790.88      11/23

