RIPTIDE — confluence threshold sweep (min score 2..5 of 5)


=== XAUUSD
   minScore      n    1:2 expR    PF     P&L$    1:3 expR    PF     P&L$    1:5 expR    PF     P&L$
          2    600     -0.0147  0.98     -900     -0.0252  0.97    -1420     +0.0169  1.02     -331
          3    576     -0.0140  0.98     -857     -0.0221  0.97    -1290     +0.0264  1.03      +18
          4    486     -0.0124  0.98     -735     -0.0065  0.99     -711     +0.0407  1.05     +504
          5    165     -0.0132  0.98     -365     +0.0556  1.07     +658     +0.0806  1.09     +900

=== US Tech 100
   minScore      n    1:2 expR    PF     P&L$    1:3 expR    PF     P&L$    1:5 expR    PF     P&L$
          2    634     -0.1305  0.82    -4198     -0.1715  0.79    -5124     -0.1778  0.80    -5385
          3    596     -0.1193  0.83    -3823     -0.1522  0.81    -4617     -0.1642  0.81    -5002
          4    487     -0.1217  0.83    -3581     -0.1508  0.81    -4261     -0.1700  0.80    -4760
          5    156     -0.0680  0.90    -1092     -0.0747  0.90    -1241     -0.1686  0.81    -2466

=== BTCUSD
   minScore      n    1:2 expR    PF     P&L$    1:3 expR    PF     P&L$    1:5 expR    PF     P&L$
          2    798     +0.0035  1.01     -351     +0.0002  1.00     -769     -0.0047  0.99    -1456
          3    775     +0.0013  1.00     -449     -0.0165  0.98    -1495     -0.0015  1.00    -1292
          4    671     +0.0171  1.03     +326     -0.0123  0.98    -1237     -0.0366  0.96    -2546
          5    240     -0.0596  0.92    -1498     -0.0682  0.91    -1759     -0.2914  0.69    -5161

=== GBPJPY
   minScore      n    1:2 expR    PF     P&L$    1:3 expR    PF     P&L$    1:5 expR    PF     P&L$
          2    678     -0.1254  0.84    -4259     -0.1345  0.85    -4581     -0.0092  0.99    -1382
          3    649     -0.1445  0.81    -4574     -0.1575  0.82    -4944     -0.0075  0.99    -1285
          4    527     -0.1660  0.79    -4668     -0.1355  0.84    -4163     -0.0071  0.99    -1161
          5    167     -0.2537  0.68    -3421     -0.2600  0.71    -3531     -0.2359  0.76    -3373

=== Crash 1000 Index
   minScore      n    1:2 expR    PF     P&L$    1:3 expR    PF     P&L$    1:5 expR    PF     P&L$
          2    720     -0.0116  0.98    -1120     +0.0765  1.10    +3892     +0.0391  1.04     +722
          3    700     -0.0328  0.95    -2045     +0.0572  1.07    +2459     -0.0147  0.98    -1922
          4    619     -0.0110  0.98     -990     +0.0806  1.11    +3720     -0.0219  0.98    -2066
          5    225     +0.0087  1.01      -35     +0.1279  1.17    +2747     +0.0087  1.01     -366

=== Volatility 75 Index
   minScore      n    1:2 expR    PF     P&L$    1:3 expR    PF     P&L$    1:5 expR    PF     P&L$
          2   1064     -0.1120  0.85    -5470     -0.1566  0.81    -6705     -0.1443  0.84    -6636
          3   1046     -0.1045  0.86    -5204     -0.1513  0.82    -6545     -0.1326  0.85    -6330
          4    878     -0.1086  0.85    -5077     -0.1655  0.80    -6584     -0.1187  0.87    -5733
          5    279     -0.1409  0.81    -3320     -0.2341  0.72    -4849     -0.0625  0.93    -2081

=== US SP 500
   minScore      n    1:2 expR    PF     P&L$    1:3 expR    PF     P&L$    1:5 expR    PF     P&L$
          2    695     -0.2007  0.73    -5645     -0.2253  0.73    -6108     -0.0939  0.89    -3712
          3    663     -0.2174  0.71    -5791     -0.2481  0.70    -6309     -0.1067  0.88    -3908
          4    536     -0.1663  0.77    -4583     -0.1575  0.81    -4499     -0.0085  0.99    -1103
          5    153     -0.2655  0.66    -3264     -0.3419  0.60    -3992     -0.2447  0.73    -3174

=== EURUSD
   minScore      n    1:2 expR    PF     P&L$    1:3 expR    PF     P&L$    1:5 expR    PF     P&L$
          2    672     -0.3145  0.63    -7553     -0.2063  0.77    -6171     -0.1832  0.82    -5946
          3    646     -0.2949  0.65    -7202     -0.1968  0.78    -5874     -0.1728  0.83    -5626
          4    557     -0.3249  0.62    -7280     -0.2195  0.76    -5981     -0.1784  0.82    -5466
          5    189     -0.1298  0.83    -2227     +0.0147  1.02      -32     +0.1036  1.11    +1430

==============================================================================
AVERAGED ACROSS SYMBOLS
   minScore    1:2 expR    pos/n    1:3 expR    pos/n    1:5 expR    pos/n
          2     -0.1132    1/8       -0.1053    2/8       -0.0696    2/8  
          3     -0.1158    1/8       -0.1109    1/8       -0.0717    1/8  
          4     -0.1117    1/8       -0.0959    1/8       -0.0626    1/8  
          5     -0.1152    1/8       -0.0976    3/8       -0.1013    3/8  
