RIPTIDE — liquidity sweep + premium/discount only
$10,000 per asset · 1% risk · min confluence 2/5 · M15


======================================================================================
CRYPTO
symbol                sigs     1:2 P&L    DD%    PF     1:3 P&L    DD%    PF     1:5 P&L    DD%    PF
BTCUSD                 798        -351   27.3  1.01        -769   25.9  1.00       -1456   38.7  0.99
ETHUSD                 796       -6851   69.2  0.73       -7429   75.7  0.73       -6790   68.2  0.80
SOLUSD                 799       -8719   87.8  0.59       -8530   86.5  0.66       -9123   92.3  0.62
XRPUSD                 888       -7953   80.4  0.68       -8334   84.1  0.68       -8082   83.5  0.74

======================================================================================
INDEX
symbol                sigs     1:2 P&L    DD%    PF     1:3 P&L    DD%    PF     1:5 P&L    DD%    PF
US Tech 100            634       -4198   47.6  0.82       -5124   55.0  0.79       -5385   59.6  0.80
US SP 500              695       -5645   59.5  0.73       -6108   64.1  0.73       -3712   50.0  0.89
Germany 40             674       -6798   72.3  0.68       -6700   71.4  0.73       -5566   69.3  0.83
Netherlands 25         598       -8816   88.3  0.46       -8892   88.8  0.50       -8615   85.9  0.59
Hong Kong 50           582       -7548   76.2  0.58       -7663   77.2  0.63       -7346   73.4  0.70

======================================================================================
FX
symbol                sigs     1:2 P&L    DD%    PF     1:3 P&L    DD%    PF     1:5 P&L    DD%    PF
EURUSD                 672       -7553   76.7  0.63       -6171   64.7  0.77       -5946   66.3  0.82
GBPUSD                 697       -6628   66.1  0.70       -6672   67.8  0.73       -7600   77.4  0.69
USDJPY                 609       -6025   60.2  0.72       -6613   65.7  0.71       -6321   66.2  0.77
GBPJPY                 678       -4259   46.6  0.84       -4581   53.3  0.85       -1382   41.1  0.99
EURGBP                 724       -8987   89.7  0.50       -9194   91.8  0.53       -8764   87.5  0.65
USDCHF                 714       -7791   78.3  0.62       -6822   69.5  0.75       -6640   72.9  0.80
AUDUSD                 619       -6942   71.7  0.66       -6411   69.6  0.74       -5486   68.4  0.83

======================================================================================
METAL
symbol                sigs     1:2 P&L    DD%    PF     1:3 P&L    DD%    PF     1:5 P&L    DD%    PF
XAUUSD                 600        -900   35.6  0.98       -1420   48.0  0.97        -331   49.5  1.02
XAGUSD                 613       -5497   61.3  0.74       -4837   62.6  0.81       -4394   63.1  0.87
XPTUSD                 714       -9957   99.6  0.17       -9963   99.6  0.24       -9968   99.7  0.29

======================================================================================
SYNTH
symbol                sigs     1:2 P&L    DD%    PF     1:3 P&L    DD%    PF     1:5 P&L    DD%    PF
Crash 300 Index        945       -3754   55.3  0.91        +349   44.5  1.03       +1580   34.5  1.06
Crash 500 Index        845        -561   41.5  1.00        -468   45.2  1.01        -280   47.4  1.02
Crash 1000 Index       720       -1120   48.9  0.98       +3892   40.1  1.10        +722   50.5  1.04
Jump 100 Index         989        -945   30.1  0.99       -3970   58.9  0.91       -2637   55.8  0.97
Volatility 75 Index   1064       -5470   57.8  0.85       -6705   71.2  0.81       -6636   74.6  0.84

======================================================================================
SUMMARY — mean expectancy per target
  1:2   mean expR -0.2549   positive on 2/24 symbols
  1:3   mean expR -0.2502   positive on 4/24 symbols
  1:5   mean expR -0.2193   positive on 4/24 symbols

Best target overall: 1:5

======================================================================================
TOP CELLS at 1:5
symbol              class        n        P&L    DD%     WR    PF     expR
Crash 300 Index     synth      609      +1580   34.5  18.9%  1.06  +0.0510
Crash 1000 Index    synth      545       +722   50.5  18.5%  1.04  +0.0391
Crash 500 Index     synth      584       -280   47.4  17.8%  1.02  +0.0208
XAUUSD              metal      380       -331   49.5  17.9%  1.02  +0.0169
GBPJPY              fx         409      -1382   41.1  20.3%  0.99  -0.0092
BTCUSD              crypto     520      -1456   38.7  18.3%  0.99  -0.0047
Jump 100 Index      synth      603      -2637   55.8  16.7%  0.97  -0.0263
US SP 500           index      396      -3712   50.0  16.2%  0.89  -0.0939
XAGUSD              metal      375      -4394   63.1  17.3%  0.87  -0.1293
US Tech 100         index      389      -5385   59.6  14.7%  0.80  -0.1778
AUDUSD              fx         397      -5486   68.4  18.1%  0.83  -0.1746
Germany 40          index      407      -5566   69.3  17.9%  0.83  -0.1737

WORST
XRPUSD              crypto     566      -8082   83.5  16.1%  0.74  -0.2682
Netherlands 25      index      375      -8615   85.9  16.3%  0.59  -0.5018
EURGBP              fx         441      -8764   87.5  19.7%  0.65  -0.4463
SOLUSD              crypto     545      -9123   92.3  16.1%  0.62  -0.4234
XPTUSD              metal      426      -9968   99.7  14.8%  0.29  -1.3175
